[hive] This stderr log is managed by Hive.
[hive] job_id: 82c0f5aa
[hive] host: della-k16g3
[hive] node_id: 8222970c08d60cb19702b974d1224316fcdfea8bbb729b0b51c3711b
[hive] user: nexus/tl0463 (remote)
[hive] resource: pli
[hive] gpus: 1
[hive] cpus: 1
[hive] workdir: /home/tl0463
[hive] timeout_sec: 3600
[hive] started_at: 2026-04-14 21:30:47 EDT
[hive] command: apptainer exec --nv --containall --cleanenv --env HF_HOME=/home/user/shared/hf_cache --env TRANSFORMERS_CACHE=/home/user/shared/hf_cache --env HF_DATASETS_CACHE=/home/user/shared/hf_cache/datasets --env TORCH_HOME=/home/user/shared/hf_cache/torch --bind /home/tl0463/scratch/AgentWorkspaces/workspaces/2502.13759:/home/user --overlay /home/tl0463/scratch/AgentWorkspaces/workspaces/2502.13759/environment/overlay.img:ro --bind /home/tl0463/scratch/AgentWorkspaces/shared/datasets:/home/user/shared/datasets:ro --bind /home/tl0463/scratch/AgentWorkspaces/shared/models:/home/user/shared/models:ro --bind /home/tl0463/scratch/AgentWorkspaces/shared/hf_cache:/home/user/shared/hf_cache /home/tl0463/scratch/AgentWorkspaces/workspaces/2502.13759/environment/container.sif bash -c 'cd /home/user && bash /home/user/scripts/run.sh'
Using Python 3.10.12 environment at: /usr
Checked 10 packages in 359ms

Loading weights:   0%|          | 0/1161 [00:00<?, ?it/s]
Loading weights:   0%|          | 1/1161 [00:01<29:19,  1.52s/it]
Loading weights:   0%|          | 2/1161 [00:01<15:24,  1.25it/s]
Loading weights:   0%|          | 5/1161 [00:02<05:35,  3.44it/s]
Loading weights:   1%|          | 6/1161 [00:02<05:26,  3.54it/s]
Loading weights:   1%|          | 12/1161 [00:02<01:56,  9.88it/s]
Loading weights:   1%|▏         | 16/1161 [00:02<01:41, 11.30it/s]
Loading weights:   2%|▏         | 19/1161 [00:03<02:11,  8.71it/s]
Loading weights:   2%|▏         | 24/1161 [00:03<01:26, 13.17it/s]
Loading weights:   2%|▏         | 28/1161 [00:03<01:49, 10.38it/s]
Loading weights:   3%|▎         | 30/1161 [00:04<01:56,  9.72it/s]
Loading weights:   3%|▎         | 36/1161 [00:04<01:13, 15.39it/s]
Loading weights:   3%|▎         | 40/1161 [00:04<01:15, 14.91it/s]
Loading weights:   4%|▎         | 43/1161 [00:05<01:43, 10.78it/s]
Loading weights:   4%|▍         | 48/1161 [00:05<01:14, 15.01it/s]
Loading weights:   4%|▍         | 52/1161 [00:05<01:14, 14.90it/s]
Loading weights:   5%|▍         | 55/1161 [00:05<01:42, 10.84it/s]
Loading weights:   5%|▌         | 60/1161 [00:06<01:13, 15.07it/s]
Loading weights:   6%|▌         | 64/1161 [00:06<01:35, 11.47it/s]
Loading weights:   6%|▌         | 67/1161 [00:06<01:35, 11.43it/s]
Loading weights:   6%|▌         | 71/1161 [00:07<01:14, 14.56it/s]
Loading weights:   6%|▋         | 75/1161 [00:07<01:15, 14.43it/s]
Loading weights:   7%|▋         | 78/1161 [00:07<01:42, 10.60it/s]
Loading weights:   7%|▋         | 84/1161 [00:07<01:07, 16.00it/s]
Loading weights:   8%|▊         | 88/1161 [00:08<01:09, 15.44it/s]
Loading weights:   8%|▊         | 91/1161 [00:08<01:36, 11.08it/s]
Loading weights:   8%|▊         | 94/1161 [00:08<01:22, 12.86it/s]
Loading weights:   9%|▊         | 100/1161 [00:09<01:28, 12.04it/s]
Loading weights:   9%|▉         | 102/1161 [00:09<01:36, 11.03it/s]
Loading weights:   9%|▉         | 108/1161 [00:09<01:03, 16.55it/s]
Loading weights:  10%|▉         | 112/1161 [00:10<01:05, 16.00it/s]
Loading weights:  10%|▉         | 115/1161 [00:10<01:31, 11.40it/s]
Loading weights:  10%|█         | 120/1161 [00:10<01:06, 15.55it/s]
Loading weights:  11%|█         | 124/1161 [00:10<01:08, 15.05it/s]
Loading weights:  11%|█         | 127/1161 [00:11<01:35, 10.79it/s]
Loading weights:  11%|█▏        | 132/1161 [00:11<01:08, 14.95it/s]
Loading weights:  12%|█▏        | 136/1161 [00:11<01:08, 14.97it/s]
Loading weights:  12%|█▏        | 139/1161 [00:12<01:33, 10.92it/s]
Loading weights:  12%|█▏        | 144/1161 [00:12<01:07, 15.14it/s]
Loading weights:  13%|█▎        | 148/1161 [00:12<01:07, 15.10it/s]
Loading weights:  13%|█▎        | 151/1161 [00:13<01:32, 10.95it/s]
Loading weights:  13%|█▎        | 156/1161 [00:13<01:07, 14.84it/s]
Loading weights:  14%|█▍        | 160/1161 [00:13<01:03, 15.86it/s]
Loading weights:  14%|█▍        | 163/1161 [00:14<01:53,  8.79it/s]
Loading weights:  14%|█▍        | 168/1161 [00:14<01:21, 12.20it/s]
Loading weights:  15%|█▍        | 172/1161 [00:14<01:17, 12.82it/s]
Loading weights:  15%|█▌        | 175/1161 [00:15<01:38, 10.03it/s]
Loading weights:  16%|█▌        | 180/1161 [00:15<01:09, 14.07it/s]
Loading weights:  16%|█▌        | 184/1161 [00:15<01:08, 14.35it/s]
Loading weights:  16%|█▌        | 187/1161 [00:16<01:31, 10.68it/s]
Loading weights:  16%|█▋        | 191/1161 [00:16<01:10, 13.76it/s]
Loading weights:  17%|█▋        | 196/1161 [00:16<01:03, 15.23it/s]
Loading weights:  17%|█▋        | 199/1161 [00:17<01:26, 11.08it/s]
Loading weights:  18%|█▊        | 204/1161 [00:17<01:02, 15.31it/s]
Loading weights:  18%|█▊        | 208/1161 [00:17<01:20, 11.84it/s]
Loading weights:  18%|█▊        | 211/1161 [00:17<01:20, 11.79it/s]
Loading weights:  19%|█▊        | 216/1161 [00:18<00:58, 16.04it/s]
Loading weights:  19%|█▉        | 220/1161 [00:18<01:17, 12.13it/s]
Loading weights:  19%|█▉        | 223/1161 [00:18<01:18, 12.02it/s]
Loading weights:  20%|█▉        | 228/1161 [00:18<00:56, 16.51it/s]
Loading weights:  20%|█▉        | 232/1161 [00:19<01:17, 11.94it/s]
Loading weights:  20%|██        | 235/1161 [00:19<01:26, 10.74it/s]
Loading weights:  21%|██        | 240/1161 [00:20<01:03, 14.56it/s]
Loading weights:  21%|██        | 244/1161 [00:20<01:03, 14.47it/s]
Loading weights:  21%|██▏       | 247/1161 [00:20<01:25, 10.67it/s]
Loading weights:  22%|██▏       | 251/1161 [00:20<01:08, 13.38it/s]
Loading weights:  22%|██▏       | 256/1161 [00:21<01:00, 14.97it/s]
Loading weights:  22%|██▏       | 259/1161 [00:21<01:23, 10.86it/s]
Loading weights:  23%|██▎       | 264/1161 [00:21<00:59, 15.02it/s]
Loading weights:  23%|██▎       | 268/1161 [00:22<01:18, 11.42it/s]
Loading weights:  23%|██▎       | 270/1161 [00:22<01:24, 10.59it/s]
Loading weights:  24%|██▍       | 276/1161 [00:22<00:54, 16.20it/s]
Loading weights:  24%|██▍       | 280/1161 [00:23<00:55, 15.84it/s]
Loading weights:  24%|██▍       | 283/1161 [00:23<01:18, 11.23it/s]
Loading weights:  25%|██▍       | 288/1161 [00:23<00:56, 15.43it/s]
Loading weights:  25%|██▌       | 292/1161 [00:23<00:56, 15.33it/s]
Loading weights:  25%|██▌       | 295/1161 [00:24<01:18, 11.04it/s]
Loading weights:  26%|██▌       | 300/1161 [00:24<00:56, 15.31it/s]
Loading weights:  26%|██▌       | 304/1161 [00:24<00:56, 15.21it/s]
Loading weights:  26%|██▋       | 307/1161 [00:25<01:17, 11.00it/s]
Loading weights:  27%|██▋       | 311/1161 [00:25<01:00, 14.06it/s]
Loading weights:  27%|██▋       | 316/1161 [00:25<00:55, 15.31it/s]
Loading weights:  27%|██▋       | 319/1161 [00:26<01:17, 10.83it/s]
Loading weights:  28%|██▊       | 326/1161 [00:26<00:48, 17.23it/s]
Loading weights:  28%|██▊       | 330/1161 [00:27<01:17, 10.66it/s]
Loading weights:  29%|██▉       | 336/1161 [00:27<00:56, 14.58it/s]
Loading weights:  29%|██▉       | 340/1161 [00:27<00:56, 14.53it/s]
Loading weights:  30%|██▉       | 343/1161 [00:28<01:14, 10.98it/s]
Loading weights:  30%|██▉       | 347/1161 [00:28<00:58, 13.83it/s]
Loading weights:  30%|███       | 352/1161 [00:28<00:53, 15.23it/s]
Loading weights:  31%|███       | 355/1161 [00:28<01:13, 10.97it/s]
Loading weights:  31%|███       | 359/1161 [00:29<00:57, 13.94it/s]
Loading weights:  31%|███▏      | 364/1161 [00:29<00:52, 15.11it/s]
Loading weights:  32%|███▏      | 367/1161 [00:29<01:11, 11.08it/s]
Loading weights:  32%|███▏      | 371/1161 [00:29<00:56, 14.10it/s]
Loading weights:  32%|███▏      | 375/1161 [00:30<01:10, 11.09it/s]
Loading weights:  33%|███▎      | 378/1161 [00:30<01:10, 11.12it/s]
Loading weights:  33%|███▎      | 383/1161 [00:30<00:51, 15.22it/s]
Loading weights:  33%|███▎      | 388/1161 [00:31<01:18,  9.89it/s]
Loading weights:  34%|███▎      | 390/1161 [00:31<01:21,  9.47it/s]
Loading weights:  34%|███▍      | 395/1161 [00:32<00:56, 13.46it/s]
Loading weights:  34%|███▍      | 400/1161 [00:32<00:51, 14.76it/s]
Loading weights:  35%|███▍      | 403/1161 [00:32<01:09, 10.94it/s]
Loading weights:  35%|███▍      | 406/1161 [00:32<00:58, 12.80it/s]
Loading weights:  35%|███▌      | 412/1161 [00:33<00:48, 15.33it/s]
Loading weights:  36%|███▌      | 415/1161 [00:33<01:06, 11.21it/s]
Loading weights:  36%|███▌      | 420/1161 [00:33<00:48, 15.35it/s]
Loading weights:  37%|███▋      | 424/1161 [00:34<01:03, 11.59it/s]
Loading weights:  37%|███▋      | 427/1161 [00:34<01:03, 11.61it/s]
Loading weights:  37%|███▋      | 432/1161 [00:34<00:45, 15.89it/s]
Loading weights:  38%|███▊      | 436/1161 [00:35<01:08, 10.57it/s]
Loading weights:  38%|███▊      | 439/1161 [00:35<01:06, 10.80it/s]
Loading weights:  38%|███▊      | 444/1161 [00:35<00:47, 15.00it/s]
Loading weights:  39%|███▊      | 448/1161 [00:36<00:47, 15.01it/s]
Loading weights:  39%|███▉      | 451/1161 [00:36<01:05, 10.86it/s]
Loading weights:  39%|███▉      | 456/1161 [00:36<00:46, 15.03it/s]
Loading weights:  40%|███▉      | 460/1161 [00:37<00:46, 14.95it/s]
Loading weights:  40%|███▉      | 463/1161 [00:37<01:04, 10.84it/s]
Loading weights:  40%|████      | 467/1161 [00:37<00:49, 13.95it/s]
Loading weights:  41%|████      | 472/1161 [00:37<00:45, 15.29it/s]
Loading weights:  41%|████      | 475/1161 [00:38<01:02, 11.02it/s]
Loading weights:  41%|████▏     | 479/1161 [00:38<00:48, 14.07it/s]
Loading weights:  42%|████▏     | 483/1161 [00:38<00:48, 14.12it/s]
Loading weights:  42%|████▏     | 486/1161 [00:39<01:04, 10.44it/s]
Loading weights:  42%|████▏     | 491/1161 [00:39<00:45, 14.65it/s]
Loading weights:  43%|████▎     | 496/1161 [00:39<00:44, 15.05it/s]
Loading weights:  43%|████▎     | 499/1161 [00:40<01:00, 10.99it/s]
Loading weights:  43%|████▎     | 504/1161 [00:40<00:43, 14.97it/s]
Loading weights:  44%|████▍     | 508/1161 [00:40<00:55, 11.77it/s]
Loading weights:  44%|████▍     | 511/1161 [00:41<00:55, 11.74it/s]
Loading weights:  44%|████▍     | 516/1161 [00:41<00:40, 16.11it/s]
Loading weights:  45%|████▍     | 520/1161 [00:41<00:40, 15.77it/s]
Loading weights:  45%|████▌     | 523/1161 [00:42<00:57, 11.18it/s]
Loading weights:  45%|████▌     | 528/1161 [00:42<00:40, 15.47it/s]
Loading weights:  46%|████▌     | 532/1161 [00:42<00:53, 11.65it/s]
Loading weights:  46%|████▌     | 535/1161 [00:42<00:53, 11.67it/s]
Loading weights:  46%|████▋     | 539/1161 [00:43<00:41, 14.86it/s]
Loading weights:  47%|████▋     | 544/1161 [00:43<00:38, 15.95it/s]
Loading weights:  47%|████▋     | 547/1161 [00:43<00:54, 11.25it/s]
Loading weights:  47%|████▋     | 550/1161 [00:43<00:46, 13.26it/s]
Loading weights:  48%|████▊     | 556/1161 [00:44<00:38, 15.60it/s]
Loading weights:  48%|████▊     | 559/1161 [00:44<00:53, 11.26it/s]
Loading weights:  49%|████▊     | 564/1161 [00:44<00:38, 15.43it/s]
Loading weights:  49%|████▉     | 568/1161 [00:45<00:38, 15.25it/s]
Loading weights:  49%|████▉     | 571/1161 [00:45<00:54, 10.86it/s]
Loading weights:  50%|████▉     | 576/1161 [00:45<00:39, 14.92it/s]
Loading weights:  50%|████▉     | 580/1161 [00:46<00:38, 14.96it/s]
Loading weights:  50%|█████     | 583/1161 [00:46<00:55, 10.43it/s]
Loading weights:  51%|█████     | 588/1161 [00:46<00:40, 14.25it/s]
Loading weights:  51%|█████     | 592/1161 [00:46<00:37, 15.37it/s]
Loading weights:  51%|█████     | 595/1161 [00:47<01:09,  8.11it/s]
Loading weights:  52%|█████▏    | 599/1161 [00:48<00:52, 10.67it/s]
Loading weights:  52%|█████▏    | 604/1161 [00:48<00:54, 10.15it/s]
Loading weights:  52%|█████▏    | 606/1161 [00:48<00:57,  9.65it/s]
Loading weights:  53%|█████▎    | 612/1161 [00:48<00:37, 14.81it/s]
Loading weights:  53%|█████▎    | 616/1161 [00:49<00:36, 14.79it/s]
Loading weights:  53%|█████▎    | 619/1161 [00:49<00:50, 10.84it/s]
Loading weights:  54%|█████▎    | 622/1161 [00:49<00:42, 12.80it/s]
Loading weights:  54%|█████▍    | 628/1161 [00:50<00:34, 15.63it/s]
Loading weights:  54%|█████▍    | 631/1161 [00:50<00:47, 11.27it/s]
Loading weights:  55%|█████▍    | 636/1161 [00:50<00:34, 15.42it/s]
Loading weights:  55%|█████▌    | 640/1161 [00:50<00:34, 15.26it/s]
Loading weights:  55%|█████▌    | 643/1161 [00:51<00:46, 11.04it/s]
Loading weights:  56%|█████▌    | 648/1161 [00:51<00:33, 15.21it/s]
Loading weights:  56%|█████▌    | 652/1161 [00:52<00:43, 11.75it/s]
Loading weights:  56%|█████▋    | 655/1161 [00:52<00:43, 11.73it/s]
Loading weights:  57%|█████▋    | 660/1161 [00:52<00:31, 16.13it/s]
Loading weights:  57%|█████▋    | 664/1161 [00:52<00:31, 15.77it/s]
Loading weights:  57%|█████▋    | 667/1161 [00:53<00:44, 11.21it/s]
Loading weights:  58%|█████▊    | 672/1161 [00:53<00:31, 15.52it/s]
Loading weights:  58%|█████▊    | 676/1161 [00:53<00:31, 15.39it/s]
Loading weights:  58%|█████▊    | 679/1161 [00:54<00:48,  9.94it/s]
Loading weights:  59%|█████▉    | 684/1161 [00:54<00:34, 13.94it/s]
Loading weights:  59%|█████▉    | 688/1161 [00:54<00:33, 14.21it/s]
Loading weights:  60%|█████▉    | 691/1161 [00:55<00:44, 10.58it/s]
Loading weights:  60%|█████▉    | 696/1161 [00:55<00:31, 14.59it/s]
Loading weights:  60%|██████    | 700/1161 [00:55<00:31, 14.62it/s]
Loading weights:  61%|██████    | 703/1161 [00:56<00:42, 10.74it/s]
Loading weights:  61%|██████    | 708/1161 [00:56<00:30, 14.91it/s]
Loading weights:  61%|██████▏   | 712/1161 [00:56<00:30, 14.90it/s]
Loading weights:  62%|██████▏   | 715/1161 [00:56<00:41, 10.86it/s]
Loading weights:  62%|██████▏   | 720/1161 [00:57<00:29, 15.09it/s]
Loading weights:  62%|██████▏   | 724/1161 [00:57<00:38, 11.48it/s]
Loading weights:  63%|██████▎   | 727/1161 [00:57<00:37, 11.49it/s]
Loading weights:  63%|██████▎   | 732/1161 [00:57<00:27, 15.80it/s]
Loading weights:  63%|██████▎   | 736/1161 [00:58<00:27, 15.54it/s]
Loading weights:  64%|██████▎   | 739/1161 [00:58<00:37, 11.12it/s]
Loading weights:  64%|██████▍   | 743/1161 [00:58<00:29, 14.19it/s]
Loading weights:  64%|██████▍   | 748/1161 [00:59<00:27, 15.30it/s]
Loading weights:  65%|██████▍   | 751/1161 [00:59<00:37, 11.07it/s]
Loading weights:  65%|██████▌   | 755/1161 [00:59<00:28, 14.14it/s]
Loading weights:  65%|██████▌   | 760/1161 [01:00<00:26, 15.39it/s]
Loading weights:  66%|██████▌   | 763/1161 [01:00<00:35, 11.14it/s]
Loading weights:  66%|██████▌   | 768/1161 [01:00<00:25, 15.36it/s]
Loading weights:  68%|██████▊   | 785/1161 [01:00<00:11, 33.07it/s]
Loading weights:  69%|██████▉   | 799/1161 [01:01<00:09, 39.16it/s]
Loading weights:  70%|██████▉   | 811/1161 [01:01<00:08, 41.00it/s]
Loading weights:  72%|███████▏  | 837/1161 [01:01<00:04, 71.69it/s]
Loading weights:  74%|███████▍  | 861/1161 [01:01<00:03, 99.28it/s]
Loading weights:  75%|███████▌  | 876/1161 [01:01<00:03, 80.57it/s]
Loading weights:  76%|███████▋  | 888/1161 [01:02<00:04, 67.11it/s]
Loading weights:  78%|███████▊  | 907/1161 [01:02<00:02, 85.92it/s]
Loading weights:  80%|███████▉  | 923/1161 [01:02<00:02, 93.84it/s]
Loading weights:  81%|████████  | 936/1161 [01:02<00:02, 92.65it/s]
Loading weights:  82%|████████▏ | 957/1161 [01:02<00:02, 92.79it/s]
Loading weights:  84%|████████▍ | 979/1161 [01:02<00:01, 110.47it/s]
Loading weights:  85%|████████▌ | 992/1161 [01:03<00:02, 81.81it/s] 
Loading weights:  86%|████████▋ | 1003/1161 [01:03<00:02, 63.96it/s]
Loading weights:  87%|████████▋ | 1015/1161 [01:03<00:02, 56.43it/s]
Loading weights:  88%|████████▊ | 1027/1161 [01:03<00:02, 60.74it/s]
Loading weights:  89%|████████▉ | 1039/1161 [01:04<00:02, 55.31it/s]
Loading weights:  90%|█████████ | 1049/1161 [01:04<00:01, 61.66it/s]
Loading weights:  91%|█████████ | 1057/1161 [01:04<00:01, 58.61it/s]
Loading weights:  92%|█████████▏| 1064/1161 [01:04<00:02, 44.53it/s]
Loading weights:  93%|█████████▎| 1079/1161 [01:04<00:01, 61.49it/s]
Loading weights:  94%|█████████▎| 1088/1161 [01:05<00:01, 50.25it/s]
Loading weights:  95%|█████████▍| 1099/1161 [01:05<00:01, 45.28it/s]
Loading weights:  97%|█████████▋| 1123/1161 [01:05<00:00, 54.38it/s]
Loading weights:  99%|█████████▉| 1153/1161 [01:05<00:00, 77.09it/s]
Loading weights: 100%|██████████| 1161/1161 [01:06<00:00, 17.59it/s]
The following generation flags are not valid and may be ignored: ['temperature']. Set `TRANSFORMERS_VERBOSITY=info` for more details.
