[hive] This stderr log is managed by Hive.
[hive] job_id: 6653f2f3
[hive] host: della-k18g2
[hive] node_id: 6e8be06e5e9be54aa75c1e6815a8f6404ed777eff596580336020c4c
[hive] user: nexus/tl0463 (remote)
[hive] resource: pli-2
[hive] gpus: 1
[hive] cpus: 1
[hive] workdir: /home/tl0463
[hive] timeout_sec: 3600
[hive] started_at: 2026-04-15 06:02:33 EDT
[hive] command: apptainer exec --nv --containall --cleanenv --env HF_HOME=/home/user/shared/hf_cache --env TRANSFORMERS_CACHE=/home/user/shared/hf_cache --env HF_DATASETS_CACHE=/home/user/shared/hf_cache/datasets --env TORCH_HOME=/home/user/shared/hf_cache/torch --bind /home/tl0463/scratch/AgentWorkspaces/workspaces/2502.13759:/home/user --overlay /home/tl0463/scratch/AgentWorkspaces/workspaces/2502.13759/environment/overlay.img:ro --bind /home/tl0463/scratch/AgentWorkspaces/shared/datasets:/home/user/shared/datasets:ro --bind /home/tl0463/scratch/AgentWorkspaces/shared/models:/home/user/shared/models:ro --bind /home/tl0463/scratch/AgentWorkspaces/shared/hf_cache:/home/user/shared/hf_cache /home/tl0463/scratch/AgentWorkspaces/workspaces/2502.13759/environment/container.sif bash -c 'cd /home/user && bash /home/user/scripts/run.sh'
Using Python 3.10.12 environment at: /usr
Checked 10 packages in 240ms

Loading weights:   0%|          | 0/1161 [00:00<?, ?it/s]
Loading weights:   0%|          | 1/1161 [00:01<28:25,  1.47s/it]
Loading weights:   0%|          | 4/1161 [00:01<06:45,  2.85it/s]
Loading weights:   0%|          | 5/1161 [00:02<06:18,  3.05it/s]
Loading weights:   1%|          | 6/1161 [00:02<06:03,  3.17it/s]
Loading weights:   1%|          | 12/1161 [00:02<01:59,  9.59it/s]
Loading weights:   1%|▏         | 16/1161 [00:02<01:42, 11.13it/s]
Loading weights:   2%|▏         | 19/1161 [00:03<02:10,  8.72it/s]
Loading weights:   2%|▏         | 24/1161 [00:03<01:25, 13.23it/s]
Loading weights:   2%|▏         | 28/1161 [00:03<01:47, 10.53it/s]
Loading weights:   3%|▎         | 30/1161 [00:04<01:54,  9.87it/s]
Loading weights:   3%|▎         | 36/1161 [00:04<01:12, 15.45it/s]
Loading weights:   3%|▎         | 40/1161 [00:04<01:13, 15.20it/s]
Loading weights:   4%|▎         | 43/1161 [00:04<01:42, 10.94it/s]
Loading weights:   4%|▍         | 47/1161 [00:05<01:18, 14.15it/s]
Loading weights:   4%|▍         | 52/1161 [00:05<01:32, 12.05it/s]
Loading weights:   5%|▍         | 54/1161 [00:05<01:41, 10.95it/s]
Loading weights:   5%|▍         | 58/1161 [00:05<01:17, 14.30it/s]
Loading weights:   6%|▌         | 64/1161 [00:06<01:24, 12.94it/s]
Loading weights:   6%|▌         | 66/1161 [00:06<01:33, 11.66it/s]
Loading weights:   6%|▌         | 70/1161 [00:06<01:12, 14.95it/s]
Loading weights:   7%|▋         | 76/1161 [00:07<01:22, 13.10it/s]
Loading weights:   7%|▋         | 78/1161 [00:07<01:31, 11.79it/s]
Loading weights:   7%|▋         | 84/1161 [00:07<01:01, 17.51it/s]
Loading weights:   8%|▊         | 88/1161 [00:08<01:48,  9.87it/s]
Loading weights:   8%|▊         | 96/1161 [00:08<01:06, 16.06it/s]
Loading weights:   9%|▊         | 100/1161 [00:09<01:06, 15.88it/s]
Loading weights:   9%|▉         | 104/1161 [00:09<01:24, 12.46it/s]
Loading weights:   9%|▉         | 108/1161 [00:09<01:09, 15.23it/s]
Loading weights:  10%|▉         | 112/1161 [00:10<01:27, 11.99it/s]
Loading weights:  10%|▉         | 115/1161 [00:10<01:27, 11.96it/s]
Loading weights:  10%|█         | 120/1161 [00:10<01:04, 16.23it/s]
Loading weights:  11%|█         | 124/1161 [00:11<01:25, 12.08it/s]
Loading weights:  11%|█         | 127/1161 [00:11<01:26, 12.01it/s]
Loading weights:  11%|█▏        | 131/1161 [00:11<01:07, 15.26it/s]
Loading weights:  12%|█▏        | 136/1161 [00:11<01:02, 16.42it/s]
Loading weights:  12%|█▏        | 139/1161 [00:12<01:29, 11.44it/s]
Loading weights:  12%|█▏        | 144/1161 [00:12<01:04, 15.76it/s]
Loading weights:  13%|█▎        | 148/1161 [00:12<01:04, 15.62it/s]
Loading weights:  13%|█▎        | 151/1161 [00:13<01:30, 11.19it/s]
Loading weights:  13%|█▎        | 156/1161 [00:13<01:04, 15.50it/s]
Loading weights:  14%|█▍        | 160/1161 [00:13<01:04, 15.41it/s]
Loading weights:  14%|█▍        | 163/1161 [00:13<01:29, 11.16it/s]
Loading weights:  14%|█▍        | 168/1161 [00:14<01:04, 15.47it/s]
Loading weights:  15%|█▍        | 172/1161 [00:14<01:04, 15.34it/s]
Loading weights:  15%|█▌        | 175/1161 [00:14<01:29, 11.03it/s]
Loading weights:  16%|█▌        | 180/1161 [00:14<01:04, 15.33it/s]
Loading weights:  16%|█▌        | 184/1161 [00:15<01:03, 15.33it/s]
Loading weights:  16%|█▌        | 187/1161 [00:15<01:28, 11.02it/s]
Loading weights:  17%|█▋        | 192/1161 [00:15<01:03, 15.32it/s]
Loading weights:  17%|█▋        | 196/1161 [00:16<01:03, 15.11it/s]
Loading weights:  17%|█▋        | 199/1161 [00:16<01:27, 11.05it/s]
Loading weights:  17%|█▋        | 203/1161 [00:16<01:07, 14.25it/s]
Loading weights:  18%|█▊        | 208/1161 [00:16<01:00, 15.65it/s]
Loading weights:  18%|█▊        | 211/1161 [00:17<01:25, 11.09it/s]
Loading weights:  19%|█▊        | 216/1161 [00:17<01:01, 15.31it/s]
Loading weights:  19%|█▉        | 220/1161 [00:17<01:02, 14.96it/s]
Loading weights:  19%|█▉        | 223/1161 [00:18<01:25, 11.01it/s]
Loading weights:  20%|█▉        | 228/1161 [00:18<01:01, 15.29it/s]
Loading weights:  20%|█▉        | 232/1161 [00:18<01:01, 15.17it/s]
Loading weights:  20%|██        | 235/1161 [00:19<01:25, 10.80it/s]
Loading weights:  21%|██        | 240/1161 [00:19<01:01, 15.02it/s]
Loading weights:  21%|██        | 244/1161 [00:19<01:01, 14.84it/s]
Loading weights:  21%|██▏       | 247/1161 [00:20<01:25, 10.74it/s]
Loading weights:  22%|██▏       | 251/1161 [00:20<01:05, 13.85it/s]
Loading weights:  22%|██▏       | 256/1161 [00:20<00:58, 15.35it/s]
Loading weights:  22%|██▏       | 259/1161 [00:21<01:22, 11.00it/s]
Loading weights:  23%|██▎       | 264/1161 [00:21<00:59, 15.17it/s]
Loading weights:  23%|██▎       | 268/1161 [00:21<00:59, 15.12it/s]
Loading weights:  23%|██▎       | 271/1161 [00:21<01:20, 11.05it/s]
Loading weights:  24%|██▎       | 275/1161 [00:22<01:02, 14.12it/s]
Loading weights:  24%|██▍       | 280/1161 [00:22<01:12, 12.07it/s]
Loading weights:  24%|██▍       | 282/1161 [00:22<01:19, 11.08it/s]
Loading weights:  25%|██▍       | 286/1161 [00:22<01:01, 14.21it/s]
Loading weights:  25%|██▌       | 292/1161 [00:23<01:07, 12.85it/s]
Loading weights:  25%|██▌       | 294/1161 [00:23<01:14, 11.63it/s]
Loading weights:  26%|██▌       | 298/1161 [00:23<00:57, 14.95it/s]
Loading weights:  26%|██▌       | 304/1161 [00:24<00:49, 17.27it/s]
Loading weights:  26%|██▋       | 307/1161 [00:24<01:11, 12.01it/s]
Loading weights:  27%|██▋       | 310/1161 [00:24<01:01, 13.95it/s]
Loading weights:  27%|██▋       | 316/1161 [00:25<00:51, 16.34it/s]
Loading weights:  27%|██▋       | 319/1161 [00:25<01:13, 11.50it/s]
Loading weights:  28%|██▊       | 324/1161 [00:25<00:53, 15.64it/s]
Loading weights:  28%|██▊       | 328/1161 [00:26<01:10, 11.79it/s]
Loading weights:  29%|██▊       | 331/1161 [00:26<01:11, 11.58it/s]
Loading weights:  29%|██▉       | 336/1161 [00:26<00:51, 15.90it/s]
Loading weights:  29%|██▉       | 340/1161 [00:26<00:52, 15.54it/s]
Loading weights:  30%|██▉       | 343/1161 [00:27<01:14, 11.02it/s]
Loading weights:  30%|██▉       | 347/1161 [00:27<00:57, 14.04it/s]
Loading weights:  30%|███       | 352/1161 [00:28<01:09, 11.71it/s]
Loading weights:  30%|███       | 354/1161 [00:28<01:14, 10.82it/s]
Loading weights:  31%|███       | 360/1161 [00:28<00:49, 16.32it/s]
Loading weights:  31%|███▏      | 364/1161 [00:28<00:47, 16.79it/s]
Loading weights:  32%|███▏      | 367/1161 [00:29<01:08, 11.57it/s]
Loading weights:  32%|███▏      | 370/1161 [00:29<00:59, 13.20it/s]
Loading weights:  32%|███▏      | 376/1161 [00:29<00:49, 15.89it/s]
Loading weights:  33%|███▎      | 379/1161 [00:30<01:09, 11.24it/s]
Loading weights:  33%|███▎      | 383/1161 [00:30<00:54, 14.33it/s]
Loading weights:  33%|███▎      | 388/1161 [00:30<00:50, 15.40it/s]
Loading weights:  34%|███▎      | 391/1161 [00:30<01:09, 11.09it/s]
Loading weights:  34%|███▍      | 396/1161 [00:31<00:50, 15.28it/s]
Loading weights:  34%|███▍      | 400/1161 [00:31<00:49, 15.29it/s]
Loading weights:  35%|███▍      | 403/1161 [00:31<01:10, 10.71it/s]
Loading weights:  35%|███▌      | 407/1161 [00:32<00:54, 13.75it/s]
Loading weights:  35%|███▌      | 411/1161 [00:32<01:08, 11.00it/s]
Loading weights:  36%|███▌      | 414/1161 [00:32<01:06, 11.19it/s]
Loading weights:  36%|███▌      | 420/1161 [00:32<00:44, 16.80it/s]
Loading weights:  37%|███▋      | 424/1161 [00:33<00:45, 16.31it/s]
Loading weights:  37%|███▋      | 427/1161 [00:33<01:03, 11.58it/s]
Loading weights:  37%|███▋      | 431/1161 [00:33<00:49, 14.76it/s]
Loading weights:  38%|███▊      | 436/1161 [00:34<00:45, 16.05it/s]
Loading weights:  38%|███▊      | 439/1161 [00:34<01:03, 11.35it/s]
Loading weights:  38%|███▊      | 443/1161 [00:34<00:49, 14.48it/s]
Loading weights:  39%|███▊      | 448/1161 [00:34<00:45, 15.81it/s]
Loading weights:  39%|███▉      | 451/1161 [00:35<01:03, 11.26it/s]
Loading weights:  39%|███▉      | 454/1161 [00:35<00:53, 13.27it/s]
Loading weights:  40%|███▉      | 460/1161 [00:36<00:57, 12.26it/s]
Loading weights:  40%|███▉      | 462/1161 [00:36<01:02, 11.21it/s]
Loading weights:  40%|████      | 467/1161 [00:36<00:44, 15.68it/s]
Loading weights:  41%|████      | 472/1161 [00:36<00:41, 16.46it/s]
Loading weights:  41%|████      | 475/1161 [00:37<01:00, 11.41it/s]
Loading weights:  41%|████▏     | 480/1161 [00:37<00:43, 15.54it/s]
Loading weights:  42%|████▏     | 484/1161 [00:37<00:43, 15.47it/s]
Loading weights:  42%|████▏     | 487/1161 [00:38<01:00, 11.09it/s]
Loading weights:  42%|████▏     | 492/1161 [00:38<00:43, 15.35it/s]
Loading weights:  43%|████▎     | 496/1161 [00:38<00:43, 15.30it/s]
Loading weights:  43%|████▎     | 499/1161 [00:39<00:59, 11.11it/s]
Loading weights:  43%|████▎     | 504/1161 [00:39<00:42, 15.39it/s]
Loading weights:  44%|████▍     | 508/1161 [00:39<00:42, 15.32it/s]
Loading weights:  44%|████▍     | 511/1161 [00:39<00:58, 11.13it/s]
Loading weights:  44%|████▍     | 514/1161 [00:39<00:48, 13.21it/s]
Loading weights:  45%|████▍     | 520/1161 [00:40<00:51, 12.47it/s]
Loading weights:  45%|████▍     | 522/1161 [00:40<00:56, 11.36it/s]
Loading weights:  45%|████▌     | 528/1161 [00:40<00:37, 17.02it/s]
Loading weights:  46%|████▌     | 532/1161 [00:41<00:50, 12.58it/s]
Loading weights:  46%|████▌     | 535/1161 [00:41<00:50, 12.43it/s]
Loading weights:  46%|████▋     | 539/1161 [00:41<00:40, 15.51it/s]
Loading weights:  47%|████▋     | 543/1161 [00:42<00:52, 11.81it/s]
Loading weights:  47%|████▋     | 546/1161 [00:42<00:52, 11.81it/s]
Loading weights:  48%|████▊     | 552/1161 [00:42<00:34, 17.59it/s]
Loading weights:  48%|████▊     | 556/1161 [00:43<01:06,  9.17it/s]
Loading weights:  48%|████▊     | 562/1161 [00:43<00:44, 13.42it/s]
Loading weights:  49%|████▉     | 568/1161 [00:43<00:37, 15.64it/s]
Loading weights:  49%|████▉     | 571/1161 [00:44<00:50, 11.72it/s]
Loading weights:  50%|████▉     | 575/1161 [00:44<00:40, 14.49it/s]
Loading weights:  50%|████▉     | 580/1161 [00:45<00:46, 12.43it/s]
Loading weights:  50%|█████     | 583/1161 [00:45<00:47, 12.27it/s]
Loading weights:  51%|█████     | 588/1161 [00:45<00:34, 16.52it/s]
Loading weights:  51%|█████     | 592/1161 [00:45<00:35, 16.15it/s]
Loading weights:  51%|█████     | 595/1161 [00:46<00:49, 11.51it/s]
Loading weights:  52%|█████▏    | 599/1161 [00:46<00:38, 14.47it/s]
Loading weights:  52%|█████▏    | 604/1161 [00:46<00:45, 12.27it/s]
Loading weights:  52%|█████▏    | 606/1161 [00:47<00:49, 11.26it/s]
Loading weights:  53%|█████▎    | 611/1161 [00:47<00:34, 15.82it/s]
Loading weights:  53%|█████▎    | 616/1161 [00:47<00:32, 16.60it/s]
Loading weights:  53%|█████▎    | 619/1161 [00:48<00:48, 11.28it/s]
Loading weights:  54%|█████▎    | 623/1161 [00:48<00:37, 14.38it/s]
Loading weights:  54%|█████▍    | 627/1161 [00:48<00:36, 14.60it/s]
Loading weights:  54%|█████▍    | 630/1161 [00:48<00:50, 10.58it/s]
Loading weights:  55%|█████▍    | 634/1161 [00:49<00:38, 13.66it/s]
Loading weights:  55%|█████▌    | 640/1161 [00:49<00:31, 16.36it/s]
Loading weights:  55%|█████▌    | 643/1161 [00:49<00:44, 11.63it/s]
Loading weights:  56%|█████▌    | 648/1161 [00:49<00:32, 15.80it/s]
Loading weights:  56%|█████▌    | 652/1161 [00:50<00:42, 12.02it/s]
Loading weights:  56%|█████▋    | 655/1161 [00:50<00:42, 12.00it/s]
Loading weights:  57%|█████▋    | 659/1161 [00:50<00:32, 15.25it/s]
Loading weights:  57%|█████▋    | 664/1161 [00:51<00:30, 16.41it/s]
Loading weights:  57%|█████▋    | 667/1161 [00:51<00:42, 11.50it/s]
Loading weights:  58%|█████▊    | 672/1161 [00:51<00:30, 15.81it/s]
Loading weights:  58%|█████▊    | 676/1161 [00:51<00:31, 15.46it/s]
Loading weights:  58%|█████▊    | 679/1161 [00:52<00:43, 11.08it/s]
Loading weights:  59%|█████▉    | 684/1161 [00:52<00:31, 15.35it/s]
Loading weights:  59%|█████▉    | 688/1161 [00:52<00:30, 15.34it/s]
Loading weights:  60%|█████▉    | 691/1161 [00:53<00:42, 11.13it/s]
Loading weights:  60%|█████▉    | 694/1161 [00:53<00:35, 13.18it/s]
Loading weights:  60%|██████    | 700/1161 [00:54<00:37, 12.29it/s]
Loading weights:  60%|██████    | 702/1161 [00:54<00:40, 11.24it/s]
Loading weights:  61%|██████    | 708/1161 [00:54<00:26, 16.91it/s]
Loading weights:  61%|██████▏   | 712/1161 [00:54<00:27, 16.40it/s]
Loading weights:  62%|██████▏   | 715/1161 [00:55<00:38, 11.59it/s]
Loading weights:  62%|██████▏   | 719/1161 [00:55<00:29, 14.79it/s]
Loading weights:  62%|██████▏   | 723/1161 [00:55<00:29, 14.89it/s]
Loading weights:  63%|██████▎   | 726/1161 [00:56<00:40, 10.84it/s]
Loading weights:  63%|██████▎   | 730/1161 [00:56<00:30, 14.08it/s]
Loading weights:  63%|██████▎   | 736/1161 [00:56<00:25, 16.68it/s]
Loading weights:  64%|██████▎   | 739/1161 [00:56<00:35, 11.85it/s]
Loading weights:  64%|██████▍   | 744/1161 [00:56<00:25, 16.09it/s]
Loading weights:  64%|██████▍   | 748/1161 [00:57<00:26, 15.63it/s]
Loading weights:  65%|██████▍   | 751/1161 [00:57<00:36, 11.31it/s]
Loading weights:  65%|██████▍   | 754/1161 [00:57<00:30, 13.35it/s]
Loading weights:  65%|██████▌   | 759/1161 [00:58<00:34, 11.63it/s]
Loading weights:  66%|██████▌   | 762/1161 [00:58<00:34, 11.68it/s]
Loading weights:  66%|██████▌   | 766/1161 [00:58<00:26, 14.93it/s]
Loading weights:  68%|██████▊   | 787/1161 [00:58<00:08, 41.99it/s]
Loading weights:  71%|███████   | 823/1161 [00:58<00:03, 94.15it/s]
Loading weights:  74%|███████▍  | 859/1161 [00:59<00:02, 144.26it/s]
Loading weights:  78%|███████▊  | 904/1161 [00:59<00:01, 209.53it/s]
Loading weights:  81%|████████  | 937/1161 [00:59<00:00, 236.62it/s]
Loading weights:  84%|████████▍ | 974/1161 [00:59<00:00, 269.90it/s]
Loading weights:  87%|████████▋ | 1006/1161 [00:59<00:00, 270.28it/s]
Loading weights:  89%|████████▉ | 1039/1161 [00:59<00:00, 285.83it/s]
Loading weights:  93%|█████████▎| 1075/1161 [00:59<00:00, 301.69it/s]
Loading weights:  96%|█████████▌| 1111/1161 [00:59<00:00, 317.79it/s]
Loading weights:  99%|█████████▊| 1146/1161 [00:59<00:00, 311.82it/s]
Loading weights: 100%|██████████| 1161/1161 [01:00<00:00, 19.34it/s] 
The following generation flags are not valid and may be ignored: ['temperature']. Set `TRANSFORMERS_VERBOSITY=info` for more details.
