[hive] This stderr log is managed by Hive.
[hive] job_id: 4f9a120d
[hive] host: della-k17g1
[hive] node_id: 6a4e397a06bbd6c082da3f39f234552a293c210b77f644aae053b1c1
[hive] user: nexus/tl0463 (remote)
[hive] resource: pli-2
[hive] gpus: 1
[hive] cpus: 1
[hive] workdir: /home/tl0463
[hive] timeout_sec: 3600
[hive] started_at: 2026-04-14 19:09:46 EDT
[hive] command: apptainer exec --nv --containall --cleanenv --env HF_HOME=/home/user/shared/hf_cache --env TRANSFORMERS_CACHE=/home/user/shared/hf_cache --env HF_DATASETS_CACHE=/home/user/shared/hf_cache/datasets --env TORCH_HOME=/home/user/shared/hf_cache/torch --bind /home/tl0463/scratch/AgentWorkspaces/workspaces/2502.13759:/home/user --overlay /home/tl0463/scratch/AgentWorkspaces/workspaces/2502.13759/environment/overlay.img:ro --bind /home/tl0463/scratch/AgentWorkspaces/shared/datasets:/home/user/shared/datasets:ro --bind /home/tl0463/scratch/AgentWorkspaces/shared/models:/home/user/shared/models:ro --bind /home/tl0463/scratch/AgentWorkspaces/shared/hf_cache:/home/user/shared/hf_cache /home/tl0463/scratch/AgentWorkspaces/workspaces/2502.13759/environment/container.sif bash -c 'cd /home/user && bash /home/user/scripts/run.sh'
Using Python 3.10.12 environment at: /usr
Checked 10 packages in 289ms

Loading weights:   0%|          | 0/1161 [00:00<?, ?it/s]
Loading weights:   0%|          | 1/1161 [00:01<29:29,  1.53s/it]
Loading weights:   0%|          | 4/1161 [00:01<06:59,  2.76it/s]
Loading weights:   0%|          | 5/1161 [00:02<06:27,  2.99it/s]
Loading weights:   1%|          | 6/1161 [00:02<06:03,  3.18it/s]
Loading weights:   1%|          | 11/1161 [00:02<02:17,  8.35it/s]
Loading weights:   1%|▏         | 16/1161 [00:02<01:41, 11.23it/s]
Loading weights:   2%|▏         | 18/1161 [00:03<02:24,  7.89it/s]
Loading weights:   2%|▏         | 24/1161 [00:03<01:24, 13.48it/s]
Loading weights:   2%|▏         | 28/1161 [00:03<01:21, 13.82it/s]
Loading weights:   3%|▎         | 31/1161 [00:04<01:51, 10.15it/s]
Loading weights:   3%|▎         | 36/1161 [00:04<01:18, 14.42it/s]
Loading weights:   3%|▎         | 40/1161 [00:04<01:18, 14.24it/s]
Loading weights:   4%|▎         | 43/1161 [00:05<01:46, 10.54it/s]
Loading weights:   4%|▍         | 47/1161 [00:05<01:21, 13.66it/s]
Loading weights:   4%|▍         | 52/1161 [00:05<01:12, 15.20it/s]
Loading weights:   5%|▍         | 55/1161 [00:05<01:40, 10.96it/s]
Loading weights:   5%|▌         | 59/1161 [00:06<01:18, 14.09it/s]
Loading weights:   6%|▌         | 64/1161 [00:06<01:31, 11.96it/s]
Loading weights:   6%|▌         | 66/1161 [00:06<01:39, 10.98it/s]
Loading weights:   6%|▌         | 72/1161 [00:06<01:05, 16.58it/s]
Loading weights:   7%|▋         | 76/1161 [00:07<01:07, 16.01it/s]
Loading weights:   7%|▋         | 79/1161 [00:07<01:34, 11.44it/s]
Loading weights:   7%|▋         | 82/1161 [00:07<01:20, 13.35it/s]
Loading weights:   8%|▊         | 88/1161 [00:08<01:07, 15.99it/s]
Loading weights:   8%|▊         | 91/1161 [00:08<01:33, 11.48it/s]
Loading weights:   8%|▊         | 96/1161 [00:08<01:07, 15.72it/s]
Loading weights:   9%|▊         | 100/1161 [00:08<01:08, 15.57it/s]
Loading weights:   9%|▉         | 103/1161 [00:09<01:35, 11.10it/s]
Loading weights:   9%|▉         | 107/1161 [00:09<01:14, 14.08it/s]
Loading weights:  10%|▉         | 112/1161 [00:09<01:07, 15.48it/s]
Loading weights:  10%|▉         | 115/1161 [00:10<01:33, 11.20it/s]
Loading weights:  10%|█         | 119/1161 [00:10<01:13, 14.27it/s]
Loading weights:  11%|█         | 124/1161 [00:10<01:06, 15.56it/s]
Loading weights:  11%|█         | 127/1161 [00:11<01:34, 10.97it/s]
Loading weights:  11%|█▏        | 132/1161 [00:11<01:07, 15.15it/s]
Loading weights:  12%|█▏        | 136/1161 [00:11<01:07, 15.16it/s]
Loading weights:  12%|█▏        | 139/1161 [00:12<01:33, 10.99it/s]
Loading weights:  12%|█▏        | 143/1161 [00:12<01:12, 14.12it/s]
Loading weights:  13%|█▎        | 147/1161 [00:12<01:10, 14.39it/s]
Loading weights:  13%|█▎        | 150/1161 [00:13<01:36, 10.51it/s]
Loading weights:  13%|█▎        | 154/1161 [00:13<01:13, 13.69it/s]
Loading weights:  14%|█▍        | 160/1161 [00:13<01:01, 16.30it/s]
Loading weights:  14%|█▍        | 163/1161 [00:13<01:25, 11.70it/s]
Loading weights:  14%|█▍        | 168/1161 [00:14<01:02, 15.89it/s]
Loading weights:  15%|█▍        | 172/1161 [00:14<01:03, 15.52it/s]
Loading weights:  15%|█▌        | 175/1161 [00:14<01:28, 11.14it/s]
Loading weights:  16%|█▌        | 180/1161 [00:14<01:04, 15.22it/s]
Loading weights:  16%|█▌        | 184/1161 [00:15<01:22, 11.83it/s]
Loading weights:  16%|█▌        | 187/1161 [00:15<01:23, 11.72it/s]
Loading weights:  17%|█▋        | 192/1161 [00:15<01:00, 16.09it/s]
Loading weights:  17%|█▋        | 196/1161 [00:16<01:02, 15.54it/s]
Loading weights:  17%|█▋        | 199/1161 [00:16<01:29, 10.79it/s]
Loading weights:  18%|█▊        | 204/1161 [00:16<01:05, 14.71it/s]
Loading weights:  18%|█▊        | 208/1161 [00:17<01:00, 15.75it/s]
Loading weights:  18%|█▊        | 211/1161 [00:17<01:25, 11.14it/s]
Loading weights:  19%|█▊        | 216/1161 [00:17<01:01, 15.44it/s]
Loading weights:  19%|█▉        | 220/1161 [00:18<01:49,  8.56it/s]
Loading weights:  20%|█▉        | 228/1161 [00:18<01:04, 14.37it/s]
Loading weights:  20%|█▉        | 232/1161 [00:19<01:19, 11.75it/s]
Loading weights:  20%|██        | 235/1161 [00:19<01:19, 11.66it/s]
Loading weights:  21%|██        | 240/1161 [00:19<00:59, 15.58it/s]
Loading weights:  21%|██        | 244/1161 [00:19<00:59, 15.29it/s]
Loading weights:  21%|██▏       | 247/1161 [00:20<01:21, 11.18it/s]
Loading weights:  22%|██▏       | 252/1161 [00:20<00:59, 15.31it/s]
Loading weights:  22%|██▏       | 256/1161 [00:21<01:16, 11.90it/s]
Loading weights:  22%|██▏       | 259/1161 [00:21<01:16, 11.74it/s]
Loading weights:  23%|██▎       | 264/1161 [00:21<00:55, 16.09it/s]
Loading weights:  23%|██▎       | 268/1161 [00:21<01:14, 12.01it/s]
Loading weights:  23%|██▎       | 271/1161 [00:22<01:14, 11.91it/s]
Loading weights:  24%|██▍       | 276/1161 [00:22<00:54, 16.35it/s]
Loading weights:  24%|██▍       | 280/1161 [00:22<00:55, 15.96it/s]
Loading weights:  24%|██▍       | 283/1161 [00:23<01:17, 11.29it/s]
Loading weights:  25%|██▍       | 286/1161 [00:23<01:05, 13.35it/s]
Loading weights:  25%|██▌       | 292/1161 [00:23<01:10, 12.39it/s]
Loading weights:  25%|██▌       | 294/1161 [00:24<01:17, 11.14it/s]
Loading weights:  26%|██▌       | 300/1161 [00:24<00:51, 16.79it/s]
Loading weights:  26%|██▌       | 304/1161 [00:24<00:52, 16.24it/s]
Loading weights:  26%|██▋       | 307/1161 [00:24<01:14, 11.51it/s]
Loading weights:  27%|██▋       | 310/1161 [00:24<01:02, 13.54it/s]
Loading weights:  27%|██▋       | 316/1161 [00:25<01:07, 12.43it/s]
Loading weights:  27%|██▋       | 318/1161 [00:25<01:14, 11.24it/s]
Loading weights:  28%|██▊       | 323/1161 [00:25<00:53, 15.71it/s]
Loading weights:  28%|██▊       | 328/1161 [00:26<00:50, 16.65it/s]
Loading weights:  29%|██▊       | 331/1161 [00:26<01:11, 11.58it/s]
Loading weights:  29%|██▉       | 335/1161 [00:26<00:56, 14.57it/s]
Loading weights:  29%|██▉       | 339/1161 [00:27<01:13, 11.13it/s]
Loading weights:  29%|██▉       | 342/1161 [00:27<01:13, 11.17it/s]
Loading weights:  30%|██▉       | 346/1161 [00:27<00:57, 14.18it/s]
Loading weights:  30%|███       | 352/1161 [00:28<01:03, 12.81it/s]
Loading weights:  30%|███       | 354/1161 [00:28<01:09, 11.61it/s]
Loading weights:  31%|███       | 358/1161 [00:28<00:54, 14.65it/s]
Loading weights:  31%|███▏      | 364/1161 [00:29<01:01, 13.02it/s]
Loading weights:  32%|███▏      | 366/1161 [00:29<01:07, 11.77it/s]
Loading weights:  32%|███▏      | 371/1161 [00:29<00:48, 16.24it/s]
Loading weights:  32%|███▏      | 375/1161 [00:29<00:49, 15.89it/s]
Loading weights:  33%|███▎      | 378/1161 [00:30<01:10, 11.18it/s]
Loading weights:  33%|███▎      | 384/1161 [00:30<00:46, 16.62it/s]
Loading weights:  33%|███▎      | 388/1161 [00:30<00:47, 16.10it/s]
Loading weights:  34%|███▎      | 391/1161 [00:31<01:07, 11.48it/s]
Loading weights:  34%|███▍      | 395/1161 [00:31<00:52, 14.59it/s]
Loading weights:  34%|███▍      | 400/1161 [00:31<00:47, 15.86it/s]
Loading weights:  35%|███▍      | 403/1161 [00:32<01:07, 11.22it/s]
Loading weights:  35%|███▌      | 408/1161 [00:32<00:48, 15.40it/s]
Loading weights:  35%|███▌      | 412/1161 [00:32<00:50, 14.90it/s]
Loading weights:  36%|███▌      | 415/1161 [00:33<01:08, 10.86it/s]
Loading weights:  36%|███▌      | 420/1161 [00:33<00:49, 15.02it/s]
Loading weights:  37%|███▋      | 424/1161 [00:33<00:49, 15.01it/s]
Loading weights:  37%|███▋      | 427/1161 [00:33<01:08, 10.72it/s]
Loading weights:  37%|███▋      | 431/1161 [00:34<00:52, 13.84it/s]
Loading weights:  38%|███▊      | 436/1161 [00:34<00:47, 15.10it/s]
Loading weights:  38%|███▊      | 439/1161 [00:34<01:06, 10.86it/s]
Loading weights:  38%|███▊      | 443/1161 [00:34<00:51, 13.95it/s]
Loading weights:  39%|███▊      | 448/1161 [00:35<00:46, 15.38it/s]
Loading weights:  39%|███▉      | 451/1161 [00:35<01:04, 10.93it/s]
Loading weights:  39%|███▉      | 455/1161 [00:35<00:50, 13.98it/s]
Loading weights:  40%|███▉      | 459/1161 [00:36<00:49, 14.26it/s]
Loading weights:  40%|███▉      | 462/1161 [00:36<01:06, 10.47it/s]
Loading weights:  40%|████      | 467/1161 [00:36<00:47, 14.73it/s]
Loading weights:  41%|████      | 471/1161 [00:37<00:47, 14.53it/s]
Loading weights:  41%|████      | 474/1161 [00:37<01:04, 10.69it/s]
Loading weights:  41%|████▏     | 480/1161 [00:37<00:42, 16.03it/s]
Loading weights:  42%|████▏     | 484/1161 [00:37<00:42, 15.75it/s]
Loading weights:  42%|████▏     | 487/1161 [00:38<00:59, 11.36it/s]
Loading weights:  42%|████▏     | 492/1161 [00:38<00:43, 15.41it/s]
Loading weights:  43%|████▎     | 496/1161 [00:39<01:08,  9.75it/s]
Loading weights:  43%|████▎     | 504/1161 [00:39<00:40, 16.08it/s]
Loading weights:  44%|████▍     | 508/1161 [00:39<00:51, 12.65it/s]
Loading weights:  44%|████▍     | 511/1161 [00:40<00:52, 12.45it/s]
Loading weights:  44%|████▍     | 515/1161 [00:40<00:41, 15.41it/s]
Loading weights:  45%|████▍     | 519/1161 [00:40<00:41, 15.35it/s]
Loading weights:  45%|████▍     | 522/1161 [00:41<00:57, 11.04it/s]
Loading weights:  45%|████▌     | 528/1161 [00:41<00:38, 16.35it/s]
Loading weights:  46%|████▌     | 532/1161 [00:41<00:39, 15.98it/s]
Loading weights:  46%|████▌     | 535/1161 [00:41<00:54, 11.42it/s]
Loading weights:  46%|████▋     | 539/1161 [00:42<00:42, 14.52it/s]
Loading weights:  47%|████▋     | 544/1161 [00:42<00:51, 12.03it/s]
Loading weights:  47%|████▋     | 547/1161 [00:42<00:51, 11.93it/s]
Loading weights:  48%|████▊     | 552/1161 [00:42<00:37, 16.25it/s]
Loading weights:  48%|████▊     | 556/1161 [00:43<00:38, 15.73it/s]
Loading weights:  48%|████▊     | 559/1161 [00:43<00:53, 11.28it/s]
Loading weights:  49%|████▊     | 564/1161 [00:43<00:38, 15.59it/s]
Loading weights:  49%|████▉     | 568/1161 [00:44<00:50, 11.79it/s]
Loading weights:  49%|████▉     | 571/1161 [00:44<00:50, 11.77it/s]
Loading weights:  49%|████▉     | 574/1161 [00:44<00:42, 13.86it/s]
Loading weights:  50%|████▉     | 580/1161 [00:45<00:35, 16.57it/s]
Loading weights:  50%|█████     | 583/1161 [00:45<00:50, 11.53it/s]
Loading weights:  51%|█████     | 587/1161 [00:45<00:39, 14.52it/s]
Loading weights:  51%|█████     | 592/1161 [00:46<00:46, 12.33it/s]
Loading weights:  51%|█████     | 594/1161 [00:46<00:50, 11.25it/s]
Loading weights:  52%|█████▏    | 600/1161 [00:46<00:33, 16.92it/s]
Loading weights:  52%|█████▏    | 604/1161 [00:47<00:44, 12.51it/s]
Loading weights:  52%|█████▏    | 607/1161 [00:47<00:45, 12.20it/s]
Loading weights:  53%|█████▎    | 612/1161 [00:47<00:32, 16.65it/s]
Loading weights:  53%|█████▎    | 616/1161 [00:47<00:44, 12.31it/s]
Loading weights:  53%|█████▎    | 619/1161 [00:48<00:44, 12.09it/s]
Loading weights:  54%|█████▎    | 622/1161 [00:48<00:38, 14.16it/s]
Loading weights:  54%|█████▍    | 627/1161 [00:48<00:44, 11.87it/s]
Loading weights:  54%|█████▍    | 630/1161 [00:49<00:45, 11.70it/s]
Loading weights:  55%|█████▍    | 636/1161 [00:49<00:30, 17.15it/s]
Loading weights:  55%|█████▌    | 640/1161 [00:49<00:32, 16.22it/s]
Loading weights:  55%|█████▌    | 643/1161 [00:50<00:52,  9.85it/s]
Loading weights:  56%|█████▌    | 646/1161 [00:50<00:43, 11.78it/s]
Loading weights:  56%|█████▌    | 652/1161 [00:50<00:34, 14.61it/s]
Loading weights:  56%|█████▋    | 655/1161 [00:51<00:46, 10.83it/s]
Loading weights:  57%|█████▋    | 660/1161 [00:51<00:33, 14.94it/s]
Loading weights:  57%|█████▋    | 664/1161 [00:51<00:42, 11.62it/s]
Loading weights:  57%|█████▋    | 667/1161 [00:52<00:42, 11.63it/s]
Loading weights:  58%|█████▊    | 671/1161 [00:52<00:33, 14.76it/s]
Loading weights:  58%|█████▊    | 676/1161 [00:52<00:39, 12.18it/s]
Loading weights:  58%|█████▊    | 678/1161 [00:52<00:43, 11.02it/s]
Loading weights:  59%|█████▉    | 684/1161 [00:53<00:29, 16.43it/s]
Loading weights:  59%|█████▉    | 688/1161 [00:53<00:44, 10.72it/s]
Loading weights:  60%|█████▉    | 691/1161 [00:54<00:49,  9.47it/s]
Loading weights:  60%|█████▉    | 695/1161 [00:54<00:38, 12.18it/s]
Loading weights:  60%|██████    | 700/1161 [00:54<00:41, 11.01it/s]
Loading weights:  60%|██████    | 702/1161 [00:55<00:44, 10.23it/s]
Loading weights:  61%|██████    | 706/1161 [00:55<00:33, 13.45it/s]
Loading weights:  61%|██████▏   | 712/1161 [00:55<00:28, 15.97it/s]
Loading weights:  62%|██████▏   | 715/1161 [00:56<00:39, 11.26it/s]
Loading weights:  62%|██████▏   | 720/1161 [00:56<00:29, 15.16it/s]
Loading weights:  62%|██████▏   | 724/1161 [00:57<00:49,  8.74it/s]
Loading weights:  63%|██████▎   | 731/1161 [00:57<00:31, 13.72it/s]
Loading weights:  63%|██████▎   | 735/1161 [00:57<00:30, 13.87it/s]
Loading weights:  64%|██████▎   | 738/1161 [00:58<00:42,  9.84it/s]
Loading weights:  64%|██████▍   | 742/1161 [00:58<00:34, 12.18it/s]
Loading weights:  64%|██████▍   | 747/1161 [00:58<00:30, 13.69it/s]
Loading weights:  65%|██████▍   | 750/1161 [00:59<00:39, 10.48it/s]
Loading weights:  65%|██████▌   | 755/1161 [00:59<00:28, 14.43it/s]
Loading weights:  65%|██████▌   | 759/1161 [00:59<00:27, 14.47it/s]
Loading weights:  66%|██████▌   | 762/1161 [00:59<00:37, 10.72it/s]
Loading weights:  66%|██████▌   | 768/1161 [01:00<00:24, 15.86it/s]
Loading weights:  68%|██████▊   | 787/1161 [01:00<00:09, 37.90it/s]
Loading weights:  71%|███████   | 821/1161 [01:00<00:04, 83.98it/s]
Loading weights:  73%|███████▎  | 853/1161 [01:00<00:02, 125.78it/s]
Loading weights:  76%|███████▌  | 883/1161 [01:00<00:01, 158.85it/s]
Loading weights:  79%|███████▉  | 917/1161 [01:00<00:01, 196.82it/s]
Loading weights:  82%|████████▏ | 949/1161 [01:00<00:00, 225.51it/s]
Loading weights:  85%|████████▍ | 985/1161 [01:00<00:00, 256.77it/s]
Loading weights:  88%|████████▊ | 1027/1161 [01:00<00:00, 278.89it/s]
Loading weights:  92%|█████████▏| 1063/1161 [01:01<00:00, 286.53it/s]
Loading weights:  95%|█████████▍| 1099/1161 [01:01<00:00, 300.43it/s]
Loading weights:  97%|█████████▋| 1131/1161 [01:01<00:00, 305.61it/s]
Loading weights: 100%|██████████| 1161/1161 [01:01<00:00, 18.91it/s] 
[hive] Job cancelled
