[hive] This stderr log is managed by Hive.
[hive] job_id: 557d99c6
[hive] host: della-k15g2
[hive] node_id: 81c051a4883a6226c5a629755ef37db63f649ff563456a23e386cd7a
[hive] user: nexus/tl0463 (remote)
[hive] resource: pli-1
[hive] gpus: 1
[hive] cpus: 1
[hive] workdir: /home/tl0463
[hive] timeout_sec: 3600
[hive] started_at: 2026-04-15 00:02:24 EDT
[hive] command: apptainer exec --nv --containall --cleanenv --env HF_HOME=/home/user/shared/hf_cache --env TRANSFORMERS_CACHE=/home/user/shared/hf_cache --env HF_DATASETS_CACHE=/home/user/shared/hf_cache/datasets --env TORCH_HOME=/home/user/shared/hf_cache/torch --bind /home/tl0463/scratch/AgentWorkspaces/workspaces/2502.13759:/home/user --overlay /home/tl0463/scratch/AgentWorkspaces/workspaces/2502.13759/environment/overlay.img:ro --bind /home/tl0463/scratch/AgentWorkspaces/shared/datasets:/home/user/shared/datasets:ro --bind /home/tl0463/scratch/AgentWorkspaces/shared/models:/home/user/shared/models:ro --bind /home/tl0463/scratch/AgentWorkspaces/shared/hf_cache:/home/user/shared/hf_cache /home/tl0463/scratch/AgentWorkspaces/workspaces/2502.13759/environment/container.sif bash -c 'cd /home/user && bash /home/user/scripts/run.sh'
Using Python 3.10.12 environment at: /usr
Checked 10 packages in 246ms

Loading weights:   0%|          | 0/1161 [00:00<?, ?it/s]
Loading weights:   0%|          | 1/1161 [00:03<59:20,  3.07s/it]
Loading weights:   0%|          | 5/1161 [00:03<09:53,  1.95it/s]
Loading weights:   1%|          | 6/1161 [00:03<08:46,  2.20it/s]
Loading weights:   1%|          | 10/1161 [00:03<04:02,  4.74it/s]
Loading weights:   1%|▏         | 16/1161 [00:04<02:46,  6.88it/s]
Loading weights:   2%|▏         | 18/1161 [00:04<03:05,  6.15it/s]
Loading weights:   2%|▏         | 24/1161 [00:04<01:48, 10.47it/s]
Loading weights:   2%|▏         | 28/1161 [00:05<02:01,  9.33it/s]
Loading weights:   3%|▎         | 30/1161 [00:05<02:05,  9.03it/s]
Loading weights:   3%|▎         | 34/1161 [00:05<01:32, 12.22it/s]
Loading weights:   3%|▎         | 40/1161 [00:06<01:34, 11.84it/s]
Loading weights:   4%|▎         | 42/1161 [00:06<01:42, 10.93it/s]
Loading weights:   4%|▍         | 48/1161 [00:06<01:07, 16.46it/s]
Loading weights:   4%|▍         | 52/1161 [00:06<01:10, 15.72it/s]
Loading weights:   5%|▍         | 55/1161 [00:07<01:38, 11.26it/s]
Loading weights:   5%|▍         | 58/1161 [00:07<01:23, 13.25it/s]
Loading weights:   6%|▌         | 64/1161 [00:07<01:08, 15.99it/s]
Loading weights:   6%|▌         | 67/1161 [00:08<01:37, 11.26it/s]
Loading weights:   6%|▌         | 72/1161 [00:08<01:11, 15.33it/s]
Loading weights:   7%|▋         | 76/1161 [00:08<01:31, 11.88it/s]
Loading weights:   7%|▋         | 79/1161 [00:09<01:31, 11.88it/s]
Loading weights:   7%|▋         | 84/1161 [00:09<01:06, 16.31it/s]
Loading weights:   8%|▊         | 88/1161 [00:09<01:07, 15.90it/s]
Loading weights:   8%|▊         | 91/1161 [00:10<01:34, 11.28it/s]
Loading weights:   8%|▊         | 96/1161 [00:10<01:09, 15.30it/s]
Loading weights:   9%|▊         | 100/1161 [00:10<01:09, 15.29it/s]
Loading weights:   9%|▉         | 103/1161 [00:11<01:37, 10.87it/s]
Loading weights:   9%|▉         | 108/1161 [00:11<01:10, 14.99it/s]
Loading weights:  10%|▉         | 112/1161 [00:11<01:31, 11.51it/s]
Loading weights:  10%|▉         | 115/1161 [00:11<01:30, 11.57it/s]
Loading weights:  10%|█         | 118/1161 [00:12<01:17, 13.49it/s]
Loading weights:  11%|█         | 124/1161 [00:12<01:24, 12.29it/s]
Loading weights:  11%|█         | 126/1161 [00:12<01:32, 11.23it/s]
Loading weights:  11%|█▏        | 132/1161 [00:12<01:00, 16.90it/s]
Loading weights:  12%|█▏        | 136/1161 [00:13<01:02, 16.41it/s]
Loading weights:  12%|█▏        | 139/1161 [00:13<01:28, 11.57it/s]
Loading weights:  12%|█▏        | 144/1161 [00:13<01:04, 15.87it/s]
Loading weights:  13%|█▎        | 148/1161 [00:14<01:04, 15.60it/s]
Loading weights:  13%|█▎        | 151/1161 [00:14<01:30, 11.21it/s]
Loading weights:  13%|█▎        | 154/1161 [00:14<01:15, 13.25it/s]
Loading weights:  14%|█▍        | 160/1161 [00:15<01:20, 12.38it/s]
Loading weights:  14%|█▍        | 162/1161 [00:15<01:28, 11.30it/s]
Loading weights:  14%|█▍        | 166/1161 [00:15<01:08, 14.52it/s]
Loading weights:  15%|█▍        | 172/1161 [00:16<01:16, 12.99it/s]
Loading weights:  15%|█▍        | 174/1161 [00:16<01:24, 11.74it/s]
Loading weights:  15%|█▌        | 178/1161 [00:16<01:05, 15.06it/s]
Loading weights:  16%|█▌        | 184/1161 [00:16<00:56, 17.41it/s]
Loading weights:  16%|█▌        | 187/1161 [00:17<01:22, 11.80it/s]
Loading weights:  16%|█▋        | 191/1161 [00:17<01:05, 14.89it/s]
Loading weights:  17%|█▋        | 196/1161 [00:17<01:00, 16.05it/s]
Loading weights:  17%|█▋        | 199/1161 [00:18<01:23, 11.50it/s]
Loading weights:  17%|█▋        | 203/1161 [00:18<01:05, 14.60it/s]
Loading weights:  18%|█▊        | 208/1161 [00:18<01:17, 12.28it/s]
Loading weights:  18%|█▊        | 210/1161 [00:19<01:24, 11.20it/s]
Loading weights:  19%|█▊        | 215/1161 [00:19<01:00, 15.65it/s]
Loading weights:  19%|█▉        | 220/1161 [00:19<00:57, 16.46it/s]
Loading weights:  19%|█▉        | 223/1161 [00:19<01:20, 11.61it/s]
Loading weights:  20%|█▉        | 228/1161 [00:20<00:58, 15.84it/s]
Loading weights:  20%|█▉        | 232/1161 [00:20<00:59, 15.56it/s]
Loading weights:  20%|██        | 235/1161 [00:20<01:22, 11.17it/s]
Loading weights:  21%|██        | 240/1161 [00:20<00:59, 15.42it/s]
Loading weights:  21%|██        | 244/1161 [00:21<01:00, 15.26it/s]
Loading weights:  21%|██▏       | 247/1161 [00:21<01:24, 10.86it/s]
Loading weights:  22%|██▏       | 250/1161 [00:21<01:10, 12.88it/s]
Loading weights:  22%|██▏       | 256/1161 [00:22<00:57, 15.72it/s]
Loading weights:  22%|██▏       | 259/1161 [00:22<01:21, 11.05it/s]
Loading weights:  23%|██▎       | 262/1161 [00:22<01:09, 12.99it/s]
Loading weights:  23%|██▎       | 268/1161 [00:23<00:57, 15.57it/s]
Loading weights:  23%|██▎       | 271/1161 [00:23<01:18, 11.29it/s]
Loading weights:  24%|██▎       | 275/1161 [00:23<01:01, 14.36it/s]
Loading weights:  24%|██▍       | 279/1161 [00:23<01:00, 14.54it/s]
Loading weights:  24%|██▍       | 282/1161 [00:24<01:22, 10.64it/s]
Loading weights:  25%|██▍       | 287/1161 [00:24<00:58, 14.88it/s]
Loading weights:  25%|██▌       | 292/1161 [00:24<00:54, 15.95it/s]
Loading weights:  25%|██▌       | 295/1161 [00:25<01:15, 11.47it/s]
Loading weights:  26%|██▌       | 300/1161 [00:25<00:54, 15.66it/s]
Loading weights:  26%|██▌       | 304/1161 [00:25<00:55, 15.51it/s]
Loading weights:  26%|██▋       | 307/1161 [00:26<01:16, 11.10it/s]
Loading weights:  27%|██▋       | 311/1161 [00:26<00:59, 14.18it/s]
Loading weights:  27%|██▋       | 316/1161 [00:26<01:11, 11.83it/s]
Loading weights:  27%|██▋       | 318/1161 [00:27<01:18, 10.76it/s]
Loading weights:  28%|██▊       | 322/1161 [00:27<00:59, 13.99it/s]
Loading weights:  28%|██▊       | 328/1161 [00:27<01:05, 12.62it/s]
Loading weights:  28%|██▊       | 330/1161 [00:28<01:12, 11.47it/s]
Loading weights:  29%|██▉       | 336/1161 [00:28<00:48, 17.07it/s]
Loading weights:  29%|██▉       | 340/1161 [00:28<00:51, 16.10it/s]
Loading weights:  30%|██▉       | 343/1161 [00:28<01:11, 11.44it/s]
Loading weights:  30%|██▉       | 348/1161 [00:29<00:51, 15.67it/s]
Loading weights:  30%|███       | 352/1161 [00:29<01:07, 12.01it/s]
Loading weights:  31%|███       | 355/1161 [00:29<01:07, 11.89it/s]
Loading weights:  31%|███       | 359/1161 [00:29<00:53, 15.04it/s]
Loading weights:  31%|███▏      | 364/1161 [00:30<00:49, 16.21it/s]
Loading weights:  32%|███▏      | 367/1161 [00:30<01:09, 11.47it/s]
Loading weights:  32%|███▏      | 372/1161 [00:30<00:50, 15.76it/s]
Loading weights:  32%|███▏      | 376/1161 [00:31<00:50, 15.55it/s]
Loading weights:  33%|███▎      | 379/1161 [00:31<01:11, 10.91it/s]
Loading weights:  33%|███▎      | 384/1161 [00:31<00:51, 15.10it/s]
Loading weights:  33%|███▎      | 388/1161 [00:32<00:51, 15.03it/s]
Loading weights:  34%|███▎      | 391/1161 [00:32<01:11, 10.77it/s]
Loading weights:  34%|███▍      | 395/1161 [00:32<00:55, 13.87it/s]
Loading weights:  34%|███▍      | 399/1161 [00:33<01:08, 11.05it/s]
Loading weights:  35%|███▍      | 402/1161 [00:33<01:07, 11.22it/s]
Loading weights:  35%|███▌      | 407/1161 [00:33<00:49, 15.32it/s]
Loading weights:  35%|███▌      | 412/1161 [00:34<00:59, 12.51it/s]
Loading weights:  36%|███▌      | 414/1161 [00:34<01:06, 11.25it/s]
Loading weights:  36%|███▌      | 418/1161 [00:34<00:51, 14.42it/s]
Loading weights:  37%|███▋      | 424/1161 [00:34<00:44, 16.59it/s]
Loading weights:  37%|███▋      | 427/1161 [00:35<01:05, 11.23it/s]
Loading weights:  37%|███▋      | 430/1161 [00:35<00:55, 13.10it/s]
Loading weights:  38%|███▊      | 436/1161 [00:35<00:46, 15.46it/s]
Loading weights:  38%|███▊      | 439/1161 [00:36<01:06, 10.80it/s]
Loading weights:  38%|███▊      | 442/1161 [00:36<00:56, 12.63it/s]
Loading weights:  39%|███▊      | 448/1161 [00:36<00:47, 15.09it/s]
Loading weights:  39%|███▉      | 450/1161 [00:37<01:11,  9.98it/s]
Loading weights:  39%|███▉      | 456/1161 [00:37<00:47, 14.86it/s]
Loading weights:  40%|███▉      | 460/1161 [00:38<01:13,  9.59it/s]
Loading weights:  40%|███▉      | 462/1161 [00:38<01:16,  9.10it/s]
Loading weights:  40%|████      | 468/1161 [00:38<00:49, 13.95it/s]
Loading weights:  41%|████      | 472/1161 [00:39<01:03, 10.77it/s]
Loading weights:  41%|████      | 475/1161 [00:39<01:06, 10.26it/s]
Loading weights:  41%|████▏     | 480/1161 [00:39<00:47, 14.25it/s]
Loading weights:  42%|████▏     | 484/1161 [00:40<00:59, 11.44it/s]
Loading weights:  42%|████▏     | 487/1161 [00:40<00:59, 11.33it/s]
Loading weights:  42%|████▏     | 492/1161 [00:40<00:43, 15.52it/s]
Loading weights:  43%|████▎     | 496/1161 [00:41<00:57, 11.54it/s]
Loading weights:  43%|████▎     | 499/1161 [00:41<00:58, 11.34it/s]
Loading weights:  43%|████▎     | 504/1161 [00:41<00:42, 15.41it/s]
Loading weights:  44%|████▍     | 508/1161 [00:41<00:57, 11.37it/s]
Loading weights:  44%|████▍     | 510/1161 [00:42<01:02, 10.40it/s]
Loading weights:  44%|████▍     | 516/1161 [00:42<00:40, 15.80it/s]
Loading weights:  45%|████▍     | 520/1161 [00:42<00:55, 11.46it/s]
Loading weights:  45%|████▌     | 523/1161 [00:43<00:56, 11.22it/s]
Loading weights:  45%|████▌     | 528/1161 [00:43<00:42, 15.04it/s]
Loading weights:  46%|████▌     | 532/1161 [00:43<00:56, 11.10it/s]
Loading weights:  46%|████▌     | 534/1161 [00:44<01:01, 10.12it/s]
Loading weights:  46%|████▋     | 538/1161 [00:44<00:52, 11.87it/s]
Loading weights:  47%|████▋     | 544/1161 [00:44<00:42, 14.55it/s]
Loading weights:  47%|████▋     | 546/1161 [00:45<01:07,  9.06it/s]
Loading weights:  47%|████▋     | 551/1161 [00:45<00:47, 12.78it/s]
Loading weights:  48%|████▊     | 555/1161 [00:45<00:46, 12.89it/s]
Loading weights:  48%|████▊     | 557/1161 [00:46<00:53, 11.27it/s]
Loading weights:  48%|████▊     | 559/1161 [00:46<01:00, 10.00it/s]
Loading weights:  49%|████▊     | 564/1161 [00:46<00:40, 14.75it/s]
Loading weights:  49%|████▉     | 568/1161 [00:46<00:41, 14.30it/s]
Loading weights:  49%|████▉     | 570/1161 [00:47<01:04,  9.13it/s]
Loading weights:  49%|████▉     | 574/1161 [00:47<00:47, 12.29it/s]
Loading weights:  50%|████▉     | 580/1161 [00:47<00:39, 14.87it/s]
Loading weights:  50%|█████     | 583/1161 [00:48<00:54, 10.56it/s]
Loading weights:  51%|█████     | 588/1161 [00:48<00:39, 14.51it/s]
Loading weights:  51%|█████     | 592/1161 [00:48<00:39, 14.31it/s]
Loading weights:  51%|█████     | 595/1161 [00:49<00:54, 10.31it/s]
Loading weights:  52%|█████▏    | 598/1161 [00:49<00:46, 12.23it/s]
Loading weights:  52%|█████▏    | 604/1161 [00:49<00:37, 14.78it/s]
Loading weights:  52%|█████▏    | 607/1161 [00:54<03:38,  2.53it/s]
Loading weights:  53%|█████▎    | 610/1161 [00:54<02:49,  3.25it/s]
Loading weights:  53%|█████▎    | 616/1161 [00:54<01:48,  5.04it/s]
Loading weights:  53%|█████▎    | 618/1161 [00:55<01:53,  4.79it/s]
Loading weights:  54%|█████▎    | 624/1161 [00:55<01:10,  7.63it/s]
Loading weights:  54%|█████▍    | 628/1161 [00:55<01:11,  7.44it/s]
Loading weights:  54%|█████▍    | 630/1161 [00:56<01:11,  7.41it/s]
Loading weights:  55%|█████▍    | 636/1161 [00:56<00:45, 11.54it/s]
Loading weights:  55%|█████▌    | 640/1161 [00:56<00:43, 11.98it/s]
Loading weights:  55%|█████▌    | 643/1161 [00:57<01:08,  7.53it/s]
Loading weights:  56%|█████▌    | 648/1161 [00:57<00:47, 10.69it/s]
Loading weights:  56%|█████▌    | 652/1161 [00:57<00:45, 11.24it/s]
Loading weights:  56%|█████▋    | 655/1161 [00:58<00:56,  8.88it/s]
Loading weights:  57%|█████▋    | 660/1161 [00:58<00:40, 12.43it/s]
Loading weights:  57%|█████▋    | 664/1161 [00:59<00:53,  9.35it/s]
Loading weights:  57%|█████▋    | 666/1161 [00:59<00:56,  8.75it/s]
Loading weights:  58%|█████▊    | 672/1161 [00:59<00:36, 13.41it/s]
Loading weights:  58%|█████▊    | 676/1161 [00:59<00:36, 13.18it/s]
Loading weights:  58%|█████▊    | 679/1161 [01:00<00:49,  9.71it/s]
Loading weights:  59%|█████▊    | 682/1161 [01:00<00:41, 11.52it/s]
Loading weights:  59%|█████▉    | 688/1161 [01:01<00:42, 11.19it/s]
Loading weights:  59%|█████▉    | 690/1161 [01:01<00:46, 10.09it/s]
Loading weights:  60%|█████▉    | 694/1161 [01:01<00:35, 13.00it/s]
Loading weights:  60%|██████    | 700/1161 [01:01<00:30, 15.27it/s]
Loading weights:  60%|██████    | 702/1161 [01:02<00:45, 10.10it/s]
Loading weights:  61%|██████    | 708/1161 [01:02<00:29, 15.15it/s]
Loading weights:  61%|██████▏   | 712/1161 [01:03<00:39, 11.39it/s]
Loading weights:  62%|██████▏   | 715/1161 [01:03<00:39, 11.33it/s]
Loading weights:  62%|██████▏   | 720/1161 [01:03<00:28, 15.45it/s]
Loading weights:  62%|██████▏   | 724/1161 [01:03<00:29, 15.04it/s]
Loading weights:  63%|██████▎   | 727/1161 [01:05<01:12,  5.97it/s]
Loading weights:  63%|██████▎   | 731/1161 [01:05<00:53,  8.09it/s]
Loading weights:  63%|██████▎   | 736/1161 [01:05<00:50,  8.46it/s]
Loading weights:  64%|██████▎   | 738/1161 [01:06<00:51,  8.20it/s]
Loading weights:  64%|██████▍   | 744/1161 [01:06<00:33, 12.57it/s]
Loading weights:  64%|██████▍   | 748/1161 [01:06<00:33, 12.49it/s]
Loading weights:  65%|██████▍   | 751/1161 [01:07<00:44,  9.28it/s]
Loading weights:  65%|██████▍   | 754/1161 [01:07<00:36, 11.01it/s]
Loading weights:  65%|██████▌   | 760/1161 [01:07<00:29, 13.38it/s]
Loading weights:  66%|██████▌   | 762/1161 [01:08<00:45,  8.75it/s]
Loading weights:  66%|██████▌   | 768/1161 [01:08<00:30, 13.04it/s]
Loading weights:  66%|██████▋   | 772/1161 [01:08<00:24, 15.86it/s]
Loading weights:  68%|██████▊   | 789/1161 [01:08<00:10, 37.03it/s]
Loading weights:  70%|██████▉   | 811/1161 [01:08<00:05, 65.01it/s]
Loading weights:  72%|███████▏  | 839/1161 [01:08<00:03, 104.37it/s]
Loading weights:  74%|███████▍  | 859/1161 [01:08<00:02, 123.46it/s]
Loading weights:  76%|███████▌  | 883/1161 [01:09<00:01, 148.69it/s]
Loading weights:  78%|███████▊  | 909/1161 [01:09<00:01, 170.78it/s]
Loading weights:  81%|████████  | 943/1161 [01:09<00:01, 192.52it/s]
Loading weights:  83%|████████▎ | 967/1161 [01:09<00:00, 201.40it/s]
Loading weights:  86%|████████▋ | 1003/1161 [01:09<00:00, 224.67it/s]
Loading weights:  88%|████████▊ | 1027/1161 [01:09<00:00, 225.15it/s]
Loading weights:  91%|█████████ | 1051/1161 [01:09<00:00, 218.19it/s]
Loading weights:  93%|█████████▎| 1075/1161 [01:09<00:00, 218.33it/s]
Loading weights:  95%|█████████▍| 1099/1161 [01:09<00:00, 215.34it/s]
Loading weights:  97%|█████████▋| 1123/1161 [01:10<00:00, 217.34it/s]
Loading weights:  99%|█████████▉| 1147/1161 [01:10<00:00, 209.33it/s]
Loading weights: 100%|██████████| 1161/1161 [01:10<00:00, 16.51it/s] 
The following generation flags are not valid and may be ignored: ['temperature']. Set `TRANSFORMERS_VERBOSITY=info` for more details.
