[hive] This stderr log is managed by Hive.
[hive] job_id: f3d6755a
[hive] host: della-k16g3
[hive] node_id: 8222970c08d60cb19702b974d1224316fcdfea8bbb729b0b51c3711b
[hive] user: nexus/tl0463 (remote)
[hive] resource: pli
[hive] gpus: 1
[hive] cpus: 1
[hive] workdir: /home/tl0463
[hive] timeout_sec: 3600
[hive] started_at: 2026-04-14 23:02:55 EDT
[hive] command: apptainer exec --nv --containall --cleanenv --env HF_HOME=/home/user/shared/hf_cache --env TRANSFORMERS_CACHE=/home/user/shared/hf_cache --env HF_DATASETS_CACHE=/home/user/shared/hf_cache/datasets --env TORCH_HOME=/home/user/shared/hf_cache/torch --bind /home/tl0463/scratch/AgentWorkspaces/workspaces/2502.13759:/home/user --overlay /home/tl0463/scratch/AgentWorkspaces/workspaces/2502.13759/environment/overlay.img:ro --bind /home/tl0463/scratch/AgentWorkspaces/shared/datasets:/home/user/shared/datasets:ro --bind /home/tl0463/scratch/AgentWorkspaces/shared/models:/home/user/shared/models:ro --bind /home/tl0463/scratch/AgentWorkspaces/shared/hf_cache:/home/user/shared/hf_cache /home/tl0463/scratch/AgentWorkspaces/workspaces/2502.13759/environment/container.sif bash -c 'cd /home/user && bash /home/user/scripts/run.sh'
Using Python 3.10.12 environment at: /usr
Checked 10 packages in 341ms

Loading weights:   0%|          | 0/1161 [00:00<?, ?it/s]
Loading weights:   0%|          | 1/1161 [00:00<10:17,  1.88it/s]
Loading weights:   0%|          | 4/1161 [00:00<02:29,  7.73it/s]
Loading weights:   1%|          | 6/1161 [00:00<02:20,  8.21it/s]
Loading weights:   1%|▏         | 16/1161 [00:01<00:48, 23.80it/s]
Loading weights:   2%|▏         | 20/1161 [00:01<00:52, 21.67it/s]
Loading weights:   2%|▏         | 28/1161 [00:01<00:38, 29.42it/s]
Loading weights:   3%|▎         | 32/1161 [00:01<00:44, 25.25it/s]
Loading weights:   3%|▎         | 40/1161 [00:01<00:41, 26.83it/s]
Loading weights:   4%|▎         | 43/1161 [00:02<00:41, 26.86it/s]
Loading weights:   4%|▍         | 52/1161 [00:02<00:37, 29.37it/s]
Loading weights:   5%|▍         | 56/1161 [00:02<00:36, 30.60it/s]
Loading weights:   6%|▌         | 64/1161 [00:02<00:36, 30.37it/s]
Loading weights:   6%|▌         | 68/1161 [00:02<00:34, 31.43it/s]
Loading weights:   7%|▋         | 76/1161 [00:03<00:35, 30.91it/s]
Loading weights:   7%|▋         | 80/1161 [00:03<00:34, 31.77it/s]
Loading weights:   8%|▊         | 88/1161 [00:03<00:28, 37.08it/s]
Loading weights:   8%|▊         | 92/1161 [00:03<00:35, 30.42it/s]
Loading weights:   9%|▊         | 100/1161 [00:03<00:29, 35.88it/s]
Loading weights:   9%|▉         | 104/1161 [00:03<00:35, 29.83it/s]
Loading weights:  10%|▉         | 112/1161 [00:04<00:29, 35.43it/s]
Loading weights:  10%|▉         | 116/1161 [00:04<00:35, 29.55it/s]
Loading weights:  11%|█         | 124/1161 [00:04<00:29, 35.14it/s]
Loading weights:  11%|█         | 128/1161 [00:04<00:35, 29.45it/s]
Loading weights:  12%|█▏        | 136/1161 [00:04<00:29, 35.04it/s]
Loading weights:  12%|█▏        | 140/1161 [00:05<00:34, 29.31it/s]
Loading weights:  13%|█▎        | 148/1161 [00:05<00:29, 34.90it/s]
Loading weights:  13%|█▎        | 152/1161 [00:05<00:34, 29.03it/s]
Loading weights:  14%|█▍        | 160/1161 [00:05<00:28, 35.59it/s]
Loading weights:  14%|█▍        | 164/1161 [00:05<00:33, 29.68it/s]
Loading weights:  15%|█▍        | 172/1161 [00:06<00:33, 29.87it/s]
Loading weights:  15%|█▌        | 176/1161 [00:06<00:31, 31.06it/s]
Loading weights:  16%|█▌        | 184/1161 [00:06<00:26, 36.40it/s]
Loading weights:  16%|█▌        | 188/1161 [00:06<00:32, 30.04it/s]
Loading weights:  17%|█▋        | 196/1161 [00:06<00:27, 35.56it/s]
Loading weights:  17%|█▋        | 200/1161 [00:06<00:32, 29.49it/s]
Loading weights:  18%|█▊        | 208/1161 [00:07<00:27, 35.01it/s]
Loading weights:  18%|█▊        | 212/1161 [00:07<00:32, 29.25it/s]
Loading weights:  19%|█▉        | 220/1161 [00:07<00:31, 29.48it/s]
Loading weights:  19%|█▉        | 224/1161 [00:07<00:30, 30.70it/s]
Loading weights:  20%|█▉        | 232/1161 [00:07<00:30, 30.33it/s]
Loading weights:  20%|██        | 236/1161 [00:08<00:29, 31.41it/s]
Loading weights:  21%|██        | 244/1161 [00:08<00:29, 30.77it/s]
Loading weights:  21%|██▏       | 248/1161 [00:08<00:28, 31.74it/s]
Loading weights:  22%|██▏       | 256/1161 [00:08<00:24, 36.92it/s]
Loading weights:  22%|██▏       | 260/1161 [00:08<00:29, 30.20it/s]
Loading weights:  23%|██▎       | 267/1161 [00:08<00:26, 33.96it/s]
Loading weights:  23%|██▎       | 271/1161 [00:09<00:31, 28.49it/s]
Loading weights:  24%|██▍       | 280/1161 [00:09<00:24, 35.90it/s]
Loading weights:  24%|██▍       | 284/1161 [00:09<00:29, 29.81it/s]
Loading weights:  25%|██▌       | 292/1161 [00:09<00:29, 29.83it/s]
Loading weights:  25%|██▌       | 296/1161 [00:09<00:27, 31.00it/s]
Loading weights:  26%|██▌       | 304/1161 [00:10<00:23, 36.30it/s]
Loading weights:  27%|██▋       | 308/1161 [00:10<00:28, 30.04it/s]
Loading weights:  27%|██▋       | 316/1161 [00:10<00:34, 24.46it/s]
Loading weights:  27%|██▋       | 319/1161 [00:10<00:40, 20.65it/s]
Loading weights:  28%|██▊       | 328/1161 [00:11<00:35, 23.33it/s]
Loading weights:  29%|██▊       | 331/1161 [00:11<00:54, 15.29it/s]
Loading weights:  29%|██▉       | 335/1161 [00:11<00:46, 17.73it/s]
Loading weights:  29%|██▉       | 340/1161 [00:12<00:58, 13.99it/s]
Loading weights:  29%|██▉       | 342/1161 [00:12<01:05, 12.53it/s]
Loading weights:  30%|██▉       | 348/1161 [00:12<00:45, 17.95it/s]
Loading weights:  30%|███       | 352/1161 [00:13<01:01, 13.18it/s]
Loading weights:  31%|███       | 355/1161 [00:13<01:02, 12.83it/s]
Loading weights:  31%|███       | 358/1161 [00:13<00:54, 14.77it/s]
Loading weights:  31%|███▏      | 364/1161 [00:13<00:38, 20.81it/s]
Loading weights:  32%|███▏      | 368/1161 [00:14<00:47, 16.61it/s]
Loading weights:  32%|███▏      | 371/1161 [00:14<00:42, 18.39it/s]
Loading weights:  32%|███▏      | 376/1161 [00:14<00:33, 23.36it/s]
Loading weights:  33%|███▎      | 380/1161 [00:14<00:36, 21.58it/s]
Loading weights:  33%|███▎      | 388/1161 [00:14<00:26, 29.13it/s]
Loading weights:  34%|███▍      | 392/1161 [00:15<00:30, 25.39it/s]
Loading weights:  34%|███▍      | 400/1161 [00:15<00:23, 31.97it/s]
Loading weights:  35%|███▍      | 404/1161 [00:15<00:27, 27.29it/s]
Loading weights:  35%|███▌      | 412/1161 [00:15<00:22, 33.27it/s]
Loading weights:  36%|███▌      | 416/1161 [00:15<00:26, 28.02it/s]
Loading weights:  37%|███▋      | 424/1161 [00:16<00:25, 28.67it/s]
Loading weights:  37%|███▋      | 428/1161 [00:16<00:24, 30.04it/s]
Loading weights:  38%|███▊      | 436/1161 [00:16<00:20, 35.52it/s]
Loading weights:  38%|███▊      | 440/1161 [00:16<00:24, 29.53it/s]
Loading weights:  39%|███▊      | 448/1161 [00:16<00:20, 35.14it/s]
Loading weights:  39%|███▉      | 452/1161 [00:16<00:24, 29.37it/s]
Loading weights:  40%|███▉      | 459/1161 [00:17<00:21, 33.32it/s]
Loading weights:  40%|███▉      | 463/1161 [00:17<00:24, 28.11it/s]
Loading weights:  41%|████      | 471/1161 [00:17<00:20, 34.00it/s]
Loading weights:  41%|████      | 475/1161 [00:17<00:23, 28.64it/s]
Loading weights:  42%|████▏     | 484/1161 [00:17<00:22, 30.56it/s]
Loading weights:  42%|████▏     | 488/1161 [00:18<00:21, 31.55it/s]
Loading weights:  43%|████▎     | 496/1161 [00:18<00:18, 36.70it/s]
Loading weights:  43%|████▎     | 500/1161 [00:18<00:21, 30.23it/s]
Loading weights:  44%|████▍     | 508/1161 [00:19<00:45, 14.48it/s]
Loading weights:  45%|████▍     | 520/1161 [00:19<00:31, 20.19it/s]
Loading weights:  45%|████▌     | 523/1161 [00:20<00:42, 14.97it/s]
Loading weights:  45%|████▌     | 528/1161 [00:20<00:35, 18.03it/s]
Loading weights:  46%|████▌     | 532/1161 [00:20<00:36, 17.33it/s]
Loading weights:  46%|████▌     | 535/1161 [00:21<00:49, 12.64it/s]
Loading weights:  46%|████▋     | 539/1161 [00:21<00:40, 15.26it/s]
Loading weights:  47%|████▋     | 544/1161 [00:21<00:37, 16.27it/s]
Loading weights:  47%|████▋     | 547/1161 [00:22<00:52, 11.75it/s]
Loading weights:  47%|████▋     | 551/1161 [00:22<00:41, 14.74it/s]
Loading weights:  48%|████▊     | 556/1161 [00:22<00:31, 18.98it/s]
Loading weights:  48%|████▊     | 559/1161 [00:22<00:41, 14.57it/s]
Loading weights:  49%|████▊     | 564/1161 [00:22<00:30, 19.30it/s]
Loading weights:  49%|████▉     | 568/1161 [00:22<00:31, 18.72it/s]
Loading weights:  49%|████▉     | 571/1161 [00:23<00:29, 20.19it/s]
Loading weights:  50%|████▉     | 580/1161 [00:23<00:19, 29.86it/s]
Loading weights:  50%|█████     | 584/1161 [00:23<00:22, 25.83it/s]
Loading weights:  51%|█████     | 592/1161 [00:23<00:17, 33.26it/s]
Loading weights:  51%|█████▏    | 596/1161 [00:23<00:20, 27.98it/s]
Loading weights:  52%|█████▏    | 604/1161 [00:24<00:19, 28.73it/s]
Loading weights:  52%|█████▏    | 608/1161 [00:24<00:18, 30.08it/s]
Loading weights:  53%|█████▎    | 615/1161 [00:24<00:19, 28.58it/s]
Loading weights:  53%|█████▎    | 619/1161 [00:24<00:18, 30.00it/s]
Loading weights:  54%|█████▍    | 628/1161 [00:24<00:16, 31.49it/s]
Loading weights:  54%|█████▍    | 632/1161 [00:24<00:16, 32.42it/s]
Loading weights:  55%|█████▌    | 639/1161 [00:25<00:14, 35.80it/s]
Loading weights:  55%|█████▌    | 643/1161 [00:25<00:17, 29.56it/s]
Loading weights:  56%|█████▌    | 652/1161 [00:25<00:13, 36.91it/s]
Loading weights:  57%|█████▋    | 656/1161 [00:25<00:16, 30.42it/s]
Loading weights:  57%|█████▋    | 664/1161 [00:25<00:13, 35.68it/s]
Loading weights:  58%|█████▊    | 668/1161 [00:26<00:16, 29.76it/s]
Loading weights:  58%|█████▊    | 676/1161 [00:26<00:16, 29.83it/s]
Loading weights:  59%|█████▊    | 680/1161 [00:26<00:15, 31.06it/s]
Loading weights:  59%|█████▉    | 688/1161 [00:26<00:15, 30.64it/s]
Loading weights:  60%|█████▉    | 692/1161 [00:26<00:14, 31.69it/s]
Loading weights:  60%|██████    | 700/1161 [00:27<00:12, 36.92it/s]
Loading weights:  61%|██████    | 704/1161 [00:27<00:15, 30.37it/s]
Loading weights:  61%|██████▏   | 712/1161 [00:27<00:14, 30.16it/s]
Loading weights:  62%|██████▏   | 716/1161 [00:27<00:14, 31.30it/s]
Loading weights:  62%|██████▏   | 724/1161 [00:27<00:14, 30.74it/s]
Loading weights:  63%|██████▎   | 728/1161 [00:27<00:13, 31.89it/s]
Loading weights:  63%|██████▎   | 736/1161 [00:28<00:13, 31.16it/s]
Loading weights:  64%|██████▎   | 740/1161 [00:28<00:13, 32.15it/s]
Loading weights:  64%|██████▍   | 748/1161 [00:28<00:11, 37.30it/s]
Loading weights:  65%|██████▍   | 752/1161 [00:28<00:13, 30.51it/s]
Loading weights:  65%|██████▌   | 760/1161 [00:28<00:11, 36.04it/s]
Loading weights:  66%|██████▌   | 764/1161 [00:29<00:13, 29.89it/s]
Loading weights:  67%|██████▋   | 773/1161 [00:29<00:10, 37.24it/s]
Loading weights:  69%|██████▉   | 799/1161 [00:29<00:05, 70.84it/s]
Loading weights:  70%|██████▉   | 811/1161 [00:29<00:06, 57.42it/s]
Loading weights:  71%|███████   | 821/1161 [00:29<00:05, 63.12it/s]
Loading weights:  71%|███████▏  | 829/1161 [00:30<00:06, 53.86it/s]
Loading weights:  73%|███████▎  | 847/1161 [00:30<00:04, 75.55it/s]
Loading weights:  74%|███████▍  | 859/1161 [00:30<00:04, 65.77it/s]
Loading weights:  75%|███████▌  | 873/1161 [00:30<00:04, 60.05it/s]
Loading weights:  77%|███████▋  | 889/1161 [00:30<00:03, 71.32it/s]
Loading weights:  79%|███████▉  | 917/1161 [00:30<00:02, 107.70it/s]
Loading weights:  80%|████████  | 931/1161 [00:31<00:02, 106.56it/s]
Loading weights:  81%|████████▏ | 944/1161 [00:31<00:02, 79.79it/s] 
Loading weights:  83%|████████▎ | 967/1161 [00:31<00:01, 104.49it/s]
Loading weights:  84%|████████▍ | 981/1161 [00:31<00:02, 84.98it/s] 
Loading weights:  86%|████████▌ | 997/1161 [00:32<00:02, 70.27it/s]
Loading weights:  88%|████████▊ | 1025/1161 [00:32<00:01, 87.20it/s]
Loading weights:  89%|████████▉ | 1036/1161 [00:32<00:01, 78.74it/s]
Loading weights:  90%|█████████ | 1049/1161 [00:32<00:01, 77.80it/s]
Loading weights:  91%|█████████ | 1058/1161 [00:32<00:01, 69.77it/s]
Loading weights:  92%|█████████▏| 1066/1161 [00:33<00:01, 53.29it/s]
Loading weights:  94%|█████████▍| 1089/1161 [00:33<00:00, 75.70it/s]
Loading weights:  95%|█████████▌| 1105/1161 [00:33<00:00, 75.58it/s]
Loading weights:  98%|█████████▊| 1135/1161 [00:33<00:00, 78.75it/s]
Loading weights:  99%|█████████▊| 1145/1161 [00:33<00:00, 79.95it/s]
Loading weights:  99%|█████████▉| 1154/1161 [00:34<00:00, 69.80it/s]
Loading weights: 100%|██████████| 1161/1161 [00:34<00:00, 33.88it/s]
The following generation flags are not valid and may be ignored: ['temperature']. Set `TRANSFORMERS_VERBOSITY=info` for more details.
[hive] Job cancelled
