[hive] This stderr log is managed by Hive.
[hive] job_id: 757fe5ac
[hive] host: della-k18g3
[hive] node_id: 4a4bad8a586204a693b56f640631972ac65aed3feff80fd753dbfb03
[hive] user: nexus/tl0463 (remote)
[hive] resource: pli-2
[hive] gpus: 1
[hive] cpus: 1
[hive] workdir: /home/tl0463
[hive] timeout_sec: 3600
[hive] started_at: 2026-04-13 20:22:08 EDT
[hive] command: apptainer exec --nv --containall --cleanenv --env HF_HOME=/home/user/shared/hf_cache --env TRANSFORMERS_CACHE=/home/user/shared/hf_cache --env HF_DATASETS_CACHE=/home/user/shared/hf_cache/datasets --env TORCH_HOME=/home/user/shared/hf_cache/torch --bind /home/tl0463/scratch/AgentWorkspaces/workspaces/2502.13759:/home/user --overlay /home/tl0463/scratch/AgentWorkspaces/workspaces/2502.13759/environment/overlay.img:ro --bind /home/tl0463/scratch/AgentWorkspaces/shared/datasets:/home/user/shared/datasets:ro --bind /home/tl0463/scratch/AgentWorkspaces/shared/models:/home/user/shared/models:ro --bind /home/tl0463/scratch/AgentWorkspaces/shared/hf_cache:/home/user/shared/hf_cache /home/tl0463/scratch/AgentWorkspaces/workspaces/2502.13759/environment/container.sif bash -c 'cd /home/user && bash /home/user/scripts/run.sh'
Using Python 3.10.12 environment at: /usr
Checked 10 packages in 820ms

Loading weights:   0%|          | 0/729 [00:00<?, ?it/s]
Loading weights:   0%|          | 1/729 [00:01<14:20,  1.18s/it]
Loading weights:   1%|          | 4/729 [00:01<03:19,  3.63it/s]
Loading weights:   1%|          | 5/729 [00:01<02:55,  4.12it/s]
Loading weights:   1%|          | 6/729 [00:01<02:33,  4.72it/s]
Loading weights:   2%|▏         | 16/729 [00:01<00:43, 16.48it/s]
Loading weights:   3%|▎         | 19/729 [00:02<00:49, 14.41it/s]
Loading weights:   4%|▍         | 28/729 [00:02<00:33, 21.02it/s]
Loading weights:   4%|▍         | 31/729 [00:02<00:40, 17.16it/s]
Loading weights:   5%|▌         | 38/729 [00:02<00:34, 20.05it/s]
Loading weights:   6%|▌         | 41/729 [00:03<00:33, 20.66it/s]
Loading weights:   6%|▌         | 44/729 [00:03<00:38, 17.88it/s]
Loading weights:   7%|▋         | 48/729 [00:03<00:32, 21.05it/s]
Loading weights:   7%|▋         | 51/729 [00:03<00:41, 16.46it/s]
Loading weights:   7%|▋         | 53/729 [00:04<01:06, 10.17it/s]
Loading weights:   8%|▊         | 55/729 [00:04<01:08,  9.91it/s]
Loading weights:   9%|▉         | 64/729 [00:05<01:00, 11.01it/s]
Loading weights:   9%|▉         | 66/729 [00:05<00:57, 11.48it/s]
Loading weights:  10%|█         | 76/729 [00:05<00:33, 19.26it/s]
Loading weights:  11%|█         | 79/729 [00:05<00:37, 17.16it/s]
Loading weights:  12%|█▏        | 88/729 [00:06<00:29, 21.76it/s]
Loading weights:  12%|█▏        | 91/729 [00:06<00:49, 12.82it/s]
Loading weights:  14%|█▎        | 100/729 [00:07<00:34, 17.99it/s]
Loading weights:  14%|█▍        | 103/729 [00:07<00:44, 14.05it/s]
Loading weights:  15%|█▌        | 110/729 [00:07<00:35, 17.30it/s]
Loading weights:  16%|█▌        | 113/729 [00:07<00:35, 17.15it/s]
Loading weights:  16%|█▌        | 116/729 [00:08<00:33, 18.15it/s]
Loading weights:  17%|█▋        | 124/729 [00:08<00:28, 21.41it/s]
Loading weights:  17%|█▋        | 127/729 [00:09<00:51, 11.65it/s]
Loading weights:  19%|█▊        | 136/729 [00:09<00:34, 16.95it/s]
Loading weights:  19%|█▉        | 139/729 [00:09<00:40, 14.73it/s]
Loading weights:  20%|██        | 148/729 [00:09<00:28, 20.66it/s]
Loading weights:  21%|██        | 151/729 [00:10<00:32, 17.60it/s]
Loading weights:  22%|██▏       | 160/729 [00:10<00:23, 24.47it/s]
Loading weights:  22%|██▏       | 164/729 [00:11<00:38, 14.62it/s]
Loading weights:  24%|██▎       | 172/729 [00:11<00:28, 19.50it/s]
Loading weights:  24%|██▍       | 175/729 [00:11<00:31, 17.62it/s]
Loading weights:  25%|██▌       | 184/729 [00:11<00:22, 23.97it/s]
Loading weights:  26%|██▌       | 188/729 [00:11<00:25, 21.61it/s]
Loading weights:  27%|██▋       | 196/729 [00:12<00:19, 26.79it/s]
Loading weights:  27%|██▋       | 200/729 [00:12<00:22, 23.44it/s]
Loading weights:  29%|██▊       | 208/729 [00:12<00:18, 28.44it/s]
Loading weights:  29%|██▉       | 212/729 [00:12<00:21, 24.34it/s]
Loading weights:  30%|███       | 220/729 [00:13<00:19, 26.40it/s]
Loading weights:  31%|███       | 223/729 [00:13<00:23, 21.89it/s]
Loading weights:  32%|███▏      | 232/729 [00:13<00:19, 25.96it/s]
Loading weights:  32%|███▏      | 235/729 [00:13<00:25, 19.36it/s]
Loading weights:  33%|███▎      | 244/729 [00:14<00:22, 21.35it/s]
Loading weights:  34%|███▍      | 247/729 [00:14<00:23, 20.52it/s]
Loading weights:  35%|███▍      | 252/729 [00:14<00:19, 24.22it/s]
Loading weights:  35%|███▌      | 256/729 [00:14<00:21, 22.36it/s]
Loading weights:  36%|███▌      | 259/729 [00:15<00:24, 18.93it/s]
Loading weights:  37%|███▋      | 268/729 [00:15<00:18, 24.66it/s]
Loading weights:  37%|███▋      | 271/729 [00:15<00:22, 20.62it/s]
Loading weights:  38%|███▊      | 280/729 [00:15<00:16, 26.53it/s]
Loading weights:  39%|███▉      | 283/729 [00:15<00:20, 21.92it/s]
Loading weights:  40%|████      | 292/729 [00:16<00:16, 27.10it/s]
Loading weights:  40%|████      | 295/729 [00:16<00:19, 22.09it/s]
Loading weights:  42%|████▏     | 304/729 [00:16<00:14, 28.85it/s]
Loading weights:  42%|████▏     | 308/729 [00:16<00:17, 24.58it/s]
Loading weights:  43%|████▎     | 316/729 [00:17<00:15, 26.38it/s]
Loading weights:  44%|████▍     | 319/729 [00:17<00:18, 21.69it/s]
Loading weights:  45%|████▍     | 328/729 [00:18<00:24, 16.44it/s]
Loading weights:  47%|████▋     | 343/729 [00:18<00:13, 29.34it/s]
Loading weights:  49%|████▊     | 355/729 [00:18<00:09, 38.15it/s]
Loading weights:  50%|████▉     | 362/729 [00:18<00:08, 42.54it/s]
Loading weights:  52%|█████▏    | 380/729 [00:18<00:05, 65.37it/s]
Loading weights:  53%|█████▎    | 390/729 [00:18<00:04, 71.27it/s]
Loading weights:  56%|█████▌    | 407/729 [00:18<00:03, 92.01it/s]
Loading weights:  58%|█████▊    | 421/729 [00:18<00:02, 103.05it/s]
Loading weights:  60%|██████    | 438/729 [00:19<00:02, 112.76it/s]
Loading weights:  63%|██████▎   | 457/729 [00:19<00:02, 128.43it/s]
Loading weights:  65%|██████▍   | 472/729 [00:19<00:02, 120.18it/s]
Loading weights:  67%|██████▋   | 489/729 [00:19<00:01, 128.45it/s]
Loading weights:  69%|██████▉   | 503/729 [00:19<00:02, 103.11it/s]
Loading weights:  72%|███████▏  | 523/729 [00:19<00:01, 122.57it/s]
Loading weights:  74%|███████▎  | 537/729 [00:19<00:01, 121.97it/s]
Loading weights:  76%|███████▌  | 551/729 [00:19<00:01, 125.61it/s]
Loading weights:  78%|███████▊  | 571/729 [00:20<00:01, 134.03it/s]
Loading weights:  80%|████████  | 585/729 [00:20<00:01, 124.90it/s]
Loading weights:  82%|████████▏ | 598/729 [00:20<00:01, 106.53it/s]
Loading weights:  84%|████████▎ | 610/729 [00:20<00:01, 107.85it/s]
Loading weights:  85%|████████▌ | 622/729 [00:20<00:01, 90.67it/s] 
Loading weights:  87%|████████▋ | 632/729 [00:20<00:01, 87.19it/s]
Loading weights:  88%|████████▊ | 642/729 [00:21<00:01, 74.02it/s]
Loading weights:  90%|█████████ | 658/729 [00:21<00:00, 91.82it/s]
Loading weights:  92%|█████████▏| 669/729 [00:21<00:00, 94.07it/s]
Loading weights:  94%|█████████▍| 685/729 [00:21<00:00, 105.59it/s]
Loading weights:  96%|█████████▌| 697/729 [00:21<00:00, 96.77it/s] 
Loading weights:  97%|█████████▋| 708/729 [00:21<00:00, 97.04it/s]
Loading weights:  99%|█████████▉| 724/729 [00:21<00:00, 110.76it/s]
Loading weights: 100%|██████████| 729/729 [00:21<00:00, 33.40it/s] 
The following generation flags are not valid and may be ignored: ['temperature']. Set `TRANSFORMERS_VERBOSITY=info` for more details.
