[hive] This stderr log is managed by Hive.
[hive] job_id: eef9f1c9
[hive] host: della-k17g2
[hive] node_id: 6202f7c97cc7d6b883de17982f1630e879c4fd0e5a0b0456aa0b26a0
[hive] user: nexus/tl0463 (remote)
[hive] resource: pli-1
[hive] gpus: 1
[hive] cpus: 1
[hive] workdir: /home/tl0463
[hive] timeout_sec: 3600
[hive] started_at: 2026-04-14 15:49:50 EDT
[hive] command: apptainer exec --nv --containall --cleanenv --env HF_HOME=/home/user/shared/hf_cache --env TRANSFORMERS_CACHE=/home/user/shared/hf_cache --env HF_DATASETS_CACHE=/home/user/shared/hf_cache/datasets --env TORCH_HOME=/home/user/shared/hf_cache/torch --bind /home/tl0463/scratch/AgentWorkspaces/workspaces/2502.13759:/home/user --overlay /home/tl0463/scratch/AgentWorkspaces/workspaces/2502.13759/environment/overlay.img:ro --bind /home/tl0463/scratch/AgentWorkspaces/shared/datasets:/home/user/shared/datasets:ro --bind /home/tl0463/scratch/AgentWorkspaces/shared/models:/home/user/shared/models:ro --bind /home/tl0463/scratch/AgentWorkspaces/shared/hf_cache:/home/user/shared/hf_cache /home/tl0463/scratch/AgentWorkspaces/workspaces/2502.13759/environment/container.sif bash -c 'cd /home/user && bash /home/user/scripts/run.sh'
Using Python 3.10.12 environment at: /usr
Checked 10 packages in 250ms

Loading weights:   0%|          | 0/729 [00:00<?, ?it/s]
Loading weights:   0%|          | 1/729 [00:02<25:17,  2.08s/it]
Loading weights:   1%|          | 5/729 [00:02<04:03,  2.97it/s]
Loading weights:   1%|          | 7/729 [00:02<02:49,  4.27it/s]
Loading weights:   2%|▏         | 16/729 [00:02<00:59, 11.97it/s]
Loading weights:   3%|▎         | 19/729 [00:02<00:59, 11.96it/s]
Loading weights:   4%|▍         | 28/729 [00:03<00:40, 17.29it/s]
Loading weights:   4%|▍         | 31/729 [00:03<00:38, 18.28it/s]
Loading weights:   5%|▌         | 40/729 [00:03<00:34, 20.17it/s]
Loading weights:   6%|▌         | 43/729 [00:03<00:33, 20.74it/s]
Loading weights:   7%|▋         | 51/729 [00:04<00:29, 22.67it/s]
Loading weights:   7%|▋         | 54/729 [00:04<00:29, 22.84it/s]
Loading weights:   9%|▉         | 64/729 [00:04<00:21, 30.67it/s]
Loading weights:   9%|▉         | 68/729 [00:04<00:25, 25.62it/s]
Loading weights:  10%|█         | 76/729 [00:04<00:21, 30.43it/s]
Loading weights:  11%|█         | 80/729 [00:05<00:25, 25.22it/s]
Loading weights:  12%|█▏        | 88/729 [00:05<00:29, 21.74it/s]
Loading weights:  14%|█▎        | 100/729 [00:05<00:20, 31.12it/s]
Loading weights:  14%|█▍        | 104/729 [00:05<00:23, 26.66it/s]
Loading weights:  15%|█▌        | 112/729 [00:06<00:20, 30.80it/s]
Loading weights:  16%|█▌        | 116/729 [00:06<00:23, 26.10it/s]
Loading weights:  17%|█▋        | 124/729 [00:06<00:19, 30.38it/s]
Loading weights:  18%|█▊        | 128/729 [00:06<00:23, 25.68it/s]
Loading weights:  19%|█▊        | 135/729 [00:06<00:20, 28.82it/s]
Loading weights:  19%|█▉        | 139/729 [00:07<00:23, 24.59it/s]
Loading weights:  20%|██        | 148/729 [00:07<00:18, 31.19it/s]
Loading weights:  21%|██        | 152/729 [00:07<00:22, 26.13it/s]
Loading weights:  22%|██▏       | 160/729 [00:07<00:18, 30.78it/s]
Loading weights:  22%|██▏       | 164/729 [00:08<00:22, 25.61it/s]
Loading weights:  24%|██▎       | 172/729 [00:08<00:21, 25.89it/s]
Loading weights:  24%|██▍       | 175/729 [00:08<00:21, 25.49it/s]
Loading weights:  25%|██▌       | 184/729 [00:08<00:16, 32.12it/s]
Loading weights:  26%|██▌       | 188/729 [00:08<00:20, 26.43it/s]
Loading weights:  27%|██▋       | 196/729 [00:09<00:17, 31.26it/s]
Loading weights:  27%|██▋       | 200/729 [00:09<00:20, 26.03it/s]
Loading weights:  28%|██▊       | 207/729 [00:09<00:17, 29.49it/s]
Loading weights:  29%|██▉       | 211/729 [00:09<00:20, 24.89it/s]
Loading weights:  30%|███       | 219/729 [00:10<00:20, 25.45it/s]
Loading weights:  30%|███       | 222/729 [00:10<00:20, 25.20it/s]
Loading weights:  32%|███▏      | 232/729 [00:10<00:15, 33.05it/s]
Loading weights:  32%|███▏      | 236/729 [00:10<00:18, 27.24it/s]
Loading weights:  33%|███▎      | 244/729 [00:10<00:15, 31.77it/s]
Loading weights:  34%|███▍      | 248/729 [00:11<00:20, 23.39it/s]
Loading weights:  35%|███▍      | 255/729 [00:11<00:20, 23.29it/s]
Loading weights:  35%|███▌      | 258/729 [00:11<00:20, 23.48it/s]
Loading weights:  37%|███▋      | 268/729 [00:11<00:14, 31.91it/s]
Loading weights:  37%|███▋      | 272/729 [00:12<00:17, 26.46it/s]
Loading weights:  38%|███▊      | 280/729 [00:12<00:14, 31.09it/s]
Loading weights:  39%|███▉      | 284/729 [00:12<00:17, 25.87it/s]
Loading weights:  40%|████      | 292/729 [00:12<00:16, 26.02it/s]
Loading weights:  40%|████      | 295/729 [00:12<00:16, 25.62it/s]
Loading weights:  42%|████▏     | 304/729 [00:13<00:15, 26.84it/s]
Loading weights:  42%|████▏     | 307/729 [00:13<00:16, 26.24it/s]
Loading weights:  43%|████▎     | 316/729 [00:13<00:14, 27.66it/s]
Loading weights:  44%|████▍     | 319/729 [00:13<00:15, 27.02it/s]
Loading weights:  45%|████▍     | 328/729 [00:14<00:14, 28.17it/s]
Loading weights:  45%|████▌     | 331/729 [00:14<00:14, 27.36it/s]
Loading weights:  49%|████▊     | 355/729 [00:14<00:05, 64.27it/s]
Loading weights:  51%|█████     | 373/729 [00:14<00:04, 86.77it/s]
Loading weights:  54%|█████▍    | 395/729 [00:14<00:02, 113.46it/s]
Loading weights:  57%|█████▋    | 415/729 [00:14<00:02, 132.97it/s]
Loading weights:  60%|█████▉    | 437/729 [00:14<00:01, 150.89it/s]
Loading weights:  64%|██████▎   | 463/729 [00:14<00:01, 177.89it/s]
Loading weights:  68%|██████▊   | 497/729 [00:14<00:01, 220.24it/s]
Loading weights:  72%|███████▏  | 527/729 [00:15<00:00, 241.54it/s]
Loading weights:  77%|███████▋  | 561/729 [00:15<00:00, 266.70it/s]
Loading weights:  82%|████████▏ | 595/729 [00:15<00:00, 283.35it/s]
Loading weights:  86%|████████▌ | 625/729 [00:15<00:00, 281.68it/s]
Loading weights:  90%|█████████ | 657/729 [00:15<00:00, 291.07it/s]
Loading weights:  95%|█████████▍| 691/729 [00:15<00:00, 292.96it/s]
Loading weights: 100%|█████████▉| 726/729 [00:15<00:00, 278.16it/s]
Loading weights: 100%|██████████| 729/729 [00:15<00:00, 46.26it/s] 
The following generation flags are not valid and may be ignored: ['temperature']. Set `TRANSFORMERS_VERBOSITY=info` for more details.
[hive] Job cancelled
