[hive] This stderr log is managed by Hive.
[hive] job_id: 9998dd7b
[hive] host: della-k17g2
[hive] node_id: 6202f7c97cc7d6b883de17982f1630e879c4fd0e5a0b0456aa0b26a0
[hive] user: nexus/tl0463 (remote)
[hive] resource: pli-1
[hive] gpus: 1
[hive] cpus: 1
[hive] workdir: /home/tl0463
[hive] timeout_sec: 3600
[hive] started_at: 2026-04-14 21:12:53 EDT
[hive] command: apptainer exec --nv --containall --cleanenv --env HF_HOME=/home/user/shared/hf_cache --env TRANSFORMERS_CACHE=/home/user/shared/hf_cache --env HF_DATASETS_CACHE=/home/user/shared/hf_cache/datasets --env TORCH_HOME=/home/user/shared/hf_cache/torch --bind /home/tl0463/scratch/AgentWorkspaces/workspaces/2502.13759:/home/user --overlay /home/tl0463/scratch/AgentWorkspaces/workspaces/2502.13759/environment/overlay.img:ro --bind /home/tl0463/scratch/AgentWorkspaces/shared/datasets:/home/user/shared/datasets:ro --bind /home/tl0463/scratch/AgentWorkspaces/shared/models:/home/user/shared/models:ro --bind /home/tl0463/scratch/AgentWorkspaces/shared/hf_cache:/home/user/shared/hf_cache /home/tl0463/scratch/AgentWorkspaces/workspaces/2502.13759/environment/container.sif bash -c 'cd /home/user && bash /home/user/scripts/run.sh'
Using Python 3.10.12 environment at: /usr
Checked 10 packages in 354ms

Loading weights:   0%|          | 0/1161 [00:00<?, ?it/s]
Loading weights:   0%|          | 1/1161 [00:03<1:02:20,  3.22s/it]
Loading weights:   0%|          | 5/1161 [00:03<10:25,  1.85it/s]  
Loading weights:   1%|          | 6/1161 [00:03<09:13,  2.09it/s]
Loading weights:   1%|          | 10/1161 [00:03<04:15,  4.50it/s]
Loading weights:   1%|▏         | 16/1161 [00:04<02:24,  7.92it/s]
Loading weights:   2%|▏         | 18/1161 [00:05<03:39,  5.20it/s]
Loading weights:   2%|▏         | 22/1161 [00:05<02:29,  7.61it/s]
Loading weights:   2%|▏         | 28/1161 [00:05<02:07,  8.87it/s]
Loading weights:   3%|▎         | 30/1161 [00:06<02:12,  8.53it/s]
Loading weights:   3%|▎         | 36/1161 [00:06<01:24, 13.33it/s]
Loading weights:   3%|▎         | 40/1161 [00:06<01:44, 10.75it/s]
Loading weights:   4%|▎         | 43/1161 [00:06<01:42, 10.87it/s]
Loading weights:   4%|▍         | 48/1161 [00:07<01:14, 14.98it/s]
Loading weights:   4%|▍         | 52/1161 [00:07<01:39, 11.15it/s]
Loading weights:   5%|▍         | 55/1161 [00:07<01:38, 11.20it/s]
Loading weights:   5%|▌         | 60/1161 [00:07<01:11, 15.41it/s]
Loading weights:   6%|▌         | 64/1161 [00:08<01:12, 15.10it/s]
Loading weights:   6%|▌         | 67/1161 [00:08<01:42, 10.72it/s]
Loading weights:   6%|▌         | 71/1161 [00:08<01:19, 13.72it/s]
Loading weights:   7%|▋         | 76/1161 [00:09<01:33, 11.58it/s]
Loading weights:   7%|▋         | 78/1161 [00:09<01:42, 10.55it/s]
Loading weights:   7%|▋         | 84/1161 [00:09<01:07, 16.00it/s]
Loading weights:   8%|▊         | 88/1161 [00:10<01:09, 15.33it/s]
Loading weights:   8%|▊         | 91/1161 [00:10<01:38, 10.85it/s]
Loading weights:   8%|▊         | 96/1161 [00:10<01:11, 14.93it/s]
Loading weights:   9%|▊         | 100/1161 [00:11<01:11, 14.81it/s]
Loading weights:   9%|▉         | 103/1161 [00:11<01:39, 10.64it/s]
Loading weights:   9%|▉         | 106/1161 [00:11<01:23, 12.57it/s]
Loading weights:  10%|▉         | 111/1161 [00:12<01:35, 11.05it/s]
Loading weights:  10%|▉         | 114/1161 [00:12<01:34, 11.04it/s]
Loading weights:  10%|█         | 119/1161 [00:12<01:08, 15.14it/s]
Loading weights:  11%|█         | 124/1161 [00:13<01:25, 12.10it/s]
Loading weights:  11%|█         | 126/1161 [00:13<01:59,  8.68it/s]
Loading weights:  11%|█▏        | 132/1161 [00:13<01:17, 13.31it/s]
Loading weights:  12%|█▏        | 136/1161 [00:14<01:15, 13.55it/s]
Loading weights:  12%|█▏        | 139/1161 [00:14<01:39, 10.25it/s]
Loading weights:  12%|█▏        | 144/1161 [00:14<01:11, 14.18it/s]
Loading weights:  13%|█▎        | 148/1161 [00:15<01:11, 14.26it/s]
Loading weights:  13%|█▎        | 151/1161 [00:15<01:35, 10.55it/s]
Loading weights:  13%|█▎        | 156/1161 [00:15<01:08, 14.63it/s]
Loading weights:  14%|█▍        | 160/1161 [00:16<01:28, 11.33it/s]
Loading weights:  14%|█▍        | 163/1161 [00:16<01:28, 11.33it/s]
Loading weights:  14%|█▍        | 168/1161 [00:16<01:04, 15.44it/s]
Loading weights:  15%|█▍        | 172/1161 [00:17<01:25, 11.59it/s]
Loading weights:  15%|█▍        | 174/1161 [00:17<01:33, 10.55it/s]
Loading weights:  15%|█▌        | 178/1161 [00:17<01:11, 13.70it/s]
Loading weights:  16%|█▌        | 184/1161 [00:17<00:59, 16.38it/s]
Loading weights:  16%|█▌        | 187/1161 [00:18<01:25, 11.40it/s]
Loading weights:  17%|█▋        | 192/1161 [00:18<01:02, 15.53it/s]
Loading weights:  17%|█▋        | 196/1161 [00:19<01:21, 11.89it/s]
Loading weights:  17%|█▋        | 199/1161 [00:19<01:22, 11.66it/s]
Loading weights:  17%|█▋        | 203/1161 [00:19<01:04, 14.78it/s]
Loading weights:  18%|█▊        | 208/1161 [00:19<01:00, 15.76it/s]
Loading weights:  18%|█▊        | 211/1161 [00:20<01:26, 10.99it/s]
Loading weights:  19%|█▊        | 215/1161 [00:20<01:07, 14.01it/s]
Loading weights:  19%|█▉        | 220/1161 [00:20<01:20, 11.74it/s]
Loading weights:  19%|█▉        | 222/1161 [00:21<01:27, 10.75it/s]
Loading weights:  20%|█▉        | 227/1161 [00:21<01:02, 15.01it/s]
Loading weights:  20%|█▉        | 231/1161 [00:21<01:03, 14.74it/s]
Loading weights:  20%|██        | 234/1161 [00:22<01:27, 10.54it/s]
Loading weights:  20%|██        | 238/1161 [00:22<01:07, 13.62it/s]
Loading weights:  21%|██        | 243/1161 [00:22<01:01, 14.99it/s]
Loading weights:  21%|██        | 246/1161 [00:23<01:25, 10.67it/s]
Loading weights:  22%|██▏       | 252/1161 [00:23<00:57, 15.79it/s]
Loading weights:  22%|██▏       | 256/1161 [00:23<00:58, 15.50it/s]
Loading weights:  22%|██▏       | 259/1161 [00:23<01:21, 11.10it/s]
Loading weights:  23%|██▎       | 264/1161 [00:24<00:59, 15.13it/s]
Loading weights:  23%|██▎       | 268/1161 [00:24<01:16, 11.67it/s]
Loading weights:  23%|██▎       | 271/1161 [00:24<01:17, 11.45it/s]
Loading weights:  24%|██▎       | 275/1161 [00:24<01:00, 14.57it/s]
Loading weights:  24%|██▍       | 279/1161 [00:25<01:18, 11.27it/s]
Loading weights:  24%|██▍       | 282/1161 [00:25<01:17, 11.36it/s]
Loading weights:  25%|██▍       | 288/1161 [00:25<00:51, 16.92it/s]
Loading weights:  25%|██▌       | 292/1161 [00:26<01:11, 12.11it/s]
Loading weights:  25%|██▌       | 295/1161 [00:26<01:12, 11.87it/s]
Loading weights:  26%|██▌       | 298/1161 [00:26<01:02, 13.77it/s]
Loading weights:  26%|██▌       | 304/1161 [00:27<00:52, 16.26it/s]
Loading weights:  26%|██▋       | 307/1161 [00:27<01:14, 11.45it/s]
Loading weights:  27%|██▋       | 312/1161 [00:27<00:54, 15.55it/s]
Loading weights:  27%|██▋       | 316/1161 [00:28<01:11, 11.80it/s]
Loading weights:  27%|██▋       | 318/1161 [00:28<01:18, 10.80it/s]
Loading weights:  28%|██▊       | 322/1161 [00:28<00:59, 14.05it/s]
Loading weights:  28%|██▊       | 328/1161 [00:28<00:50, 16.45it/s]
Loading weights:  29%|██▊       | 331/1161 [00:29<01:12, 11.45it/s]
Loading weights:  29%|██▉       | 334/1161 [00:29<01:03, 13.10it/s]
Loading weights:  29%|██▉       | 340/1161 [00:29<00:52, 15.55it/s]
Loading weights:  29%|██▉       | 342/1161 [00:30<01:19, 10.33it/s]
Loading weights:  30%|██▉       | 347/1161 [00:30<00:56, 14.48it/s]
Loading weights:  30%|███       | 352/1161 [00:30<00:51, 15.66it/s]
Loading weights:  31%|███       | 355/1161 [00:31<01:11, 11.25it/s]
Loading weights:  31%|███       | 358/1161 [00:31<01:01, 13.14it/s]
Loading weights:  31%|███▏      | 364/1161 [00:31<00:51, 15.62it/s]
Loading weights:  32%|███▏      | 367/1161 [00:32<01:10, 11.24it/s]
Loading weights:  32%|███▏      | 370/1161 [00:32<01:00, 13.14it/s]
Loading weights:  32%|███▏      | 376/1161 [00:32<00:49, 15.79it/s]
Loading weights:  33%|███▎      | 379/1161 [00:33<01:10, 11.13it/s]
Loading weights:  33%|███▎      | 383/1161 [00:33<00:55, 14.14it/s]
Loading weights:  33%|███▎      | 387/1161 [00:33<00:54, 14.19it/s]
Loading weights:  34%|███▎      | 390/1161 [00:34<01:13, 10.50it/s]
Loading weights:  34%|███▍      | 396/1161 [00:34<00:48, 15.74it/s]
Loading weights:  34%|███▍      | 400/1161 [00:34<01:07, 11.29it/s]
Loading weights:  35%|███▍      | 403/1161 [00:34<01:06, 11.34it/s]
Loading weights:  35%|███▍      | 406/1161 [00:35<00:56, 13.27it/s]
Loading weights:  35%|███▌      | 412/1161 [00:35<01:15,  9.95it/s]
Loading weights:  36%|███▌      | 420/1161 [00:36<00:45, 16.12it/s]
Loading weights:  37%|███▋      | 424/1161 [00:36<00:58, 12.53it/s]
Loading weights:  37%|███▋      | 427/1161 [00:36<00:59, 12.30it/s]
Loading weights:  37%|███▋      | 432/1161 [00:36<00:45, 16.18it/s]
Loading weights:  38%|███▊      | 436/1161 [00:37<01:15,  9.63it/s]
Loading weights:  38%|███▊      | 442/1161 [00:37<00:51, 13.85it/s]
Loading weights:  39%|███▊      | 448/1161 [00:38<00:44, 15.92it/s]
Loading weights:  39%|███▉      | 451/1161 [00:38<01:00, 11.73it/s]
Loading weights:  39%|███▉      | 455/1161 [00:38<00:49, 14.26it/s]
Loading weights:  40%|███▉      | 460/1161 [00:39<00:57, 12.19it/s]
Loading weights:  40%|███▉      | 463/1161 [00:39<00:58, 12.03it/s]
Loading weights:  40%|████      | 466/1161 [00:39<00:49, 13.95it/s]
Loading weights:  41%|████      | 471/1161 [00:39<00:45, 15.33it/s]
Loading weights:  41%|████      | 474/1161 [00:40<01:02, 11.03it/s]
Loading weights:  41%|████      | 478/1161 [00:40<00:48, 14.08it/s]
Loading weights:  42%|████▏     | 484/1161 [00:41<00:53, 12.56it/s]
Loading weights:  42%|████▏     | 486/1161 [00:41<00:59, 11.33it/s]
Loading weights:  42%|████▏     | 491/1161 [00:41<00:42, 15.70it/s]
Loading weights:  43%|████▎     | 496/1161 [00:41<00:40, 16.59it/s]
Loading weights:  43%|████▎     | 499/1161 [00:42<00:56, 11.66it/s]
Loading weights:  43%|████▎     | 502/1161 [00:42<00:48, 13.57it/s]
Loading weights:  44%|████▍     | 508/1161 [00:42<00:40, 16.07it/s]
Loading weights:  44%|████▍     | 511/1161 [00:43<00:57, 11.40it/s]
Loading weights:  44%|████▍     | 516/1161 [00:43<00:41, 15.49it/s]
Loading weights:  45%|████▍     | 520/1161 [00:43<00:54, 11.79it/s]
Loading weights:  45%|████▍     | 522/1161 [00:44<00:58, 10.92it/s]
Loading weights:  45%|████▌     | 527/1161 [00:44<00:41, 15.29it/s]
Loading weights:  46%|████▌     | 532/1161 [00:44<00:38, 16.25it/s]
Loading weights:  46%|████▌     | 535/1161 [00:45<00:55, 11.33it/s]
Loading weights:  46%|████▋     | 539/1161 [00:45<00:43, 14.35it/s]
Loading weights:  47%|████▋     | 544/1161 [00:45<00:40, 15.36it/s]
Loading weights:  47%|████▋     | 547/1161 [00:45<00:56, 10.94it/s]
Loading weights:  48%|████▊     | 552/1161 [00:46<00:41, 14.65it/s]
Loading weights:  48%|████▊     | 556/1161 [00:46<00:53, 11.39it/s]
Loading weights:  48%|████▊     | 558/1161 [00:46<00:57, 10.55it/s]
Loading weights:  48%|████▊     | 562/1161 [00:47<00:43, 13.80it/s]
Loading weights:  49%|████▉     | 568/1161 [00:47<00:36, 16.38it/s]
Loading weights:  49%|████▉     | 571/1161 [00:47<00:53, 11.13it/s]
Loading weights:  50%|████▉     | 576/1161 [00:47<00:38, 15.20it/s]
Loading weights:  50%|████▉     | 580/1161 [00:48<01:06,  8.72it/s]
Loading weights:  51%|█████     | 587/1161 [00:49<00:41, 13.68it/s]
Loading weights:  51%|█████     | 591/1161 [00:49<00:50, 11.35it/s]
Loading weights:  51%|█████     | 594/1161 [00:49<00:49, 11.43it/s]
Loading weights:  52%|█████▏    | 598/1161 [00:49<00:39, 14.25it/s]
Loading weights:  52%|█████▏    | 604/1161 [00:50<00:33, 16.44it/s]
Loading weights:  52%|█████▏    | 607/1161 [00:50<00:47, 11.78it/s]
Loading weights:  53%|█████▎    | 611/1161 [00:50<00:37, 14.75it/s]
Loading weights:  53%|█████▎    | 616/1161 [00:51<00:34, 15.90it/s]
Loading weights:  53%|█████▎    | 619/1161 [00:51<00:47, 11.41it/s]
Loading weights:  54%|█████▎    | 624/1161 [00:51<00:34, 15.50it/s]
Loading weights:  54%|█████▍    | 628/1161 [00:52<00:46, 11.43it/s]
Loading weights:  54%|█████▍    | 631/1161 [00:52<00:46, 11.43it/s]
Loading weights:  55%|█████▍    | 636/1161 [00:52<00:33, 15.67it/s]
Loading weights:  55%|█████▌    | 640/1161 [00:53<00:58,  8.96it/s]
Loading weights:  56%|█████▌    | 648/1161 [00:53<00:34, 14.90it/s]
Loading weights:  56%|█████▌    | 652/1161 [00:53<00:34, 14.89it/s]
Loading weights:  56%|█████▋    | 655/1161 [00:54<00:45, 11.22it/s]
Loading weights:  57%|█████▋    | 659/1161 [00:54<00:35, 14.01it/s]
Loading weights:  57%|█████▋    | 663/1161 [00:54<00:35, 14.19it/s]
Loading weights:  57%|█████▋    | 666/1161 [00:55<00:46, 10.57it/s]
Loading weights:  58%|█████▊    | 672/1161 [00:55<00:31, 15.69it/s]
Loading weights:  58%|█████▊    | 676/1161 [00:56<00:44, 10.94it/s]
Loading weights:  58%|█████▊    | 679/1161 [00:56<00:43, 11.05it/s]
Loading weights:  59%|█████▉    | 684/1161 [00:56<00:31, 15.10it/s]
Loading weights:  59%|█████▉    | 688/1161 [00:57<00:40, 11.73it/s]
Loading weights:  60%|█████▉    | 691/1161 [00:57<00:40, 11.70it/s]
Loading weights:  60%|█████▉    | 696/1161 [00:57<00:29, 15.92it/s]
Loading weights:  60%|██████    | 700/1161 [00:57<00:40, 11.39it/s]
Loading weights:  61%|██████    | 703/1161 [00:58<00:42, 10.78it/s]
Loading weights:  61%|██████    | 706/1161 [00:58<00:38, 11.94it/s]
Loading weights:  61%|██████▏   | 712/1161 [00:58<00:30, 14.82it/s]
Loading weights:  61%|██████▏   | 714/1161 [01:04<04:11,  1.78it/s]
Loading weights:  62%|██████▏   | 717/1161 [01:04<03:10,  2.33it/s]
Loading weights:  62%|██████▏   | 724/1161 [01:06<02:24,  3.02it/s]
Loading weights:  63%|██████▎   | 730/1161 [01:06<01:33,  4.60it/s]
Loading weights:  63%|██████▎   | 736/1161 [01:06<01:07,  6.27it/s]
Loading weights:  64%|██████▎   | 739/1161 [01:07<01:09,  6.10it/s]
Loading weights:  64%|██████▍   | 744/1161 [01:07<00:49,  8.39it/s]
Loading weights:  64%|██████▍   | 748/1161 [01:08<00:51,  8.09it/s]
Loading weights:  65%|██████▍   | 750/1161 [01:08<00:52,  7.84it/s]
Loading weights:  65%|██████▌   | 756/1161 [01:08<00:34, 11.84it/s]
Loading weights:  65%|██████▌   | 760/1161 [01:08<00:34, 11.79it/s]
Loading weights:  66%|██████▌   | 763/1161 [01:09<00:45,  8.67it/s]
Loading weights:  66%|██████▌   | 766/1161 [01:09<00:38, 10.21it/s]
Loading weights:  67%|██████▋   | 775/1161 [01:09<00:21, 18.19it/s]
Loading weights:  69%|██████▊   | 797/1161 [01:09<00:08, 43.64it/s]
Loading weights:  70%|███████   | 815/1161 [01:10<00:05, 63.27it/s]
Loading weights:  72%|███████▏  | 837/1161 [01:10<00:03, 90.92it/s]
Loading weights:  74%|███████▍  | 857/1161 [01:10<00:02, 112.39it/s]
Loading weights:  75%|███████▌  | 875/1161 [01:10<00:02, 125.06it/s]
Loading weights:  77%|███████▋  | 893/1161 [01:10<00:01, 134.29it/s]
Loading weights:  78%|███████▊  | 909/1161 [01:10<00:01, 128.07it/s]
Loading weights:  80%|████████  | 931/1161 [01:10<00:01, 146.00it/s]
Loading weights:  82%|████████▏ | 949/1161 [01:10<00:01, 139.07it/s]
Loading weights:  83%|████████▎ | 967/1161 [01:10<00:01, 149.03it/s]
Loading weights:  85%|████████▌ | 989/1161 [01:11<00:01, 161.39it/s]
Loading weights:  87%|████████▋ | 1006/1161 [01:11<00:01, 153.08it/s]
Loading weights:  88%|████████▊ | 1027/1161 [01:11<00:00, 158.03it/s]
Loading weights:  90%|████████▉ | 1044/1161 [01:11<00:00, 157.77it/s]
Loading weights:  91%|█████████▏| 1061/1161 [01:11<00:00, 156.94it/s]
Loading weights:  93%|█████████▎| 1085/1161 [01:11<00:00, 171.42it/s]
Loading weights:  95%|█████████▌| 1105/1161 [01:11<00:00, 164.71it/s]
Loading weights:  97%|█████████▋| 1124/1161 [01:11<00:00, 171.32it/s]
Loading weights:  98%|█████████▊| 1142/1161 [01:12<00:00, 172.77it/s]
Loading weights: 100%|█████████▉| 1160/1161 [01:12<00:00, 139.35it/s]
Loading weights: 100%|██████████| 1161/1161 [01:12<00:00, 16.08it/s] 
The following generation flags are not valid and may be ignored: ['temperature']. Set `TRANSFORMERS_VERBOSITY=info` for more details.
