[hive] This stdout log is managed by Hive.
[hive] job_id: df781ace
[hive] host: della-r3c2n11
[hive] node_id: a9d50928fab9c0494c8c37e823e02d5ae4816a08ca9b6805fa703d20
[hive] user: nexus/tl0463 (remote)
[hive] resource: gpu-cpu-test
[hive] gpus: 0
[hive] cpus: 1
[hive] workdir: /home/tl0463
[hive] timeout_sec: 3600
[hive] started_at: 2026-04-23 14:36:03 EDT
[hive] command: apptainer exec --containall --cleanenv --env HF_HOME=/home/user/shared/hf_cache --env TRANSFORMERS_CACHE=/home/user/shared/hf_cache --env HF_DATASETS_CACHE=/home/user/shared/hf_cache/datasets --env TORCH_HOME=/home/user/shared/hf_cache/torch --bind /home/tl0463/scratch/AgentWorkspaces/workspaces/2502.13759:/home/user --overlay /home/tl0463/scratch/AgentWorkspaces/workspaces/2502.13759/environment/overlay.img:ro --bind /home/tl0463/scratch/AgentWorkspaces/shared/datasets:/home/user/shared/datasets:ro --bind /home/tl0463/scratch/AgentWorkspaces/shared/models:/home/user/shared/models:ro --bind /home/tl0463/scratch/AgentWorkspaces/shared/hf_cache:/home/user/shared/hf_cache /home/tl0463/scratch/AgentWorkspaces/workspaces/2502.13759/environment/container.sif bash -c 'cd /home/user && bash /home/user/scripts/run.sh'
==========================================
GeoCoT train/test scoring - Thu Apr 23 14:36:04 EDT 2026
==========================================
=== Geolocation Train-Slice Evaluation ===
Evaluating predictions from: /home/user/results
Found prediction files: ['abl_cot', 'abl_geocot_full', 'abl_geocot_step1', 'abl_geocot_step2', 'abl_geocot_step3', 'abl_geocot_step4', 'cot_32B', 'geocot_32B']
Using train slice with 10 image basenames

Evaluating train: abl_cot
  10 in split, 10 valid, 10 with ground truth
  country_accuracy: 0.1000
  continent_accuracy: 0.4000
  street_1km: 0.0000
  city_25km: 0.0000
  country_750km: 0.2000
  median_error_km: 6119.6013
  avg_inference_time_s: 17.7100

Evaluating train: abl_geocot_full
  10 in split, 10 valid, 10 with ground truth
  country_accuracy: 0.1000
  continent_accuracy: 0.5000
  street_1km: 0.0000
  city_25km: 0.0000
  country_750km: 0.2000
  median_error_km: 2680.8080
  avg_inference_time_s: 54.5240

Evaluating train: abl_geocot_step1
  10 in split, 10 valid, 10 with ground truth
  country_accuracy: 0.1000
  continent_accuracy: 0.6000
  street_1km: 0.0000
  city_25km: 0.0000
  country_750km: 0.2000
  median_error_km: 2680.8080
  avg_inference_time_s: 18.0880

Evaluating train: abl_geocot_step2
  10 in split, 10 valid, 10 with ground truth
  country_accuracy: 0.1000
  continent_accuracy: 0.7000
  street_1km: 0.0000
  city_25km: 0.0000
  country_750km: 0.1000
  median_error_km: 3670.2669
  avg_inference_time_s: 21.2060

Evaluating train: abl_geocot_step3
  10 in split, 10 valid, 10 with ground truth
  country_accuracy: 0.0000
  continent_accuracy: 0.5000
  street_1km: 0.0000
  city_25km: 0.0000
  country_750km: 0.2000
  median_error_km: 1730.8150
  avg_inference_time_s: 23.7290

Evaluating train: abl_geocot_step4
  10 in split, 10 valid, 10 with ground truth
  country_accuracy: 0.0000
  continent_accuracy: 0.6000
  street_1km: 0.0000
  city_25km: 0.0000
  country_750km: 0.2000
  median_error_km: 3644.3059
  avg_inference_time_s: 48.6250

Evaluating train: cot_32B
  10 in split, 10 valid, 10 with ground truth
  country_accuracy: 0.2000
  continent_accuracy: 0.3000
  street_1km: 0.0000
  city_25km: 0.0000
  country_750km: 0.2000
  median_error_km: 4086.7076
  avg_inference_time_s: 53.1130

Evaluating train: geocot_32B
  10 in split, 10 valid, 10 with ground truth
  country_accuracy: 0.1000
  continent_accuracy: 0.5000
  street_1km: 0.0000
  city_25km: 0.0000
  country_750km: 0.2000
  median_error_km: 2680.8080
  avg_inference_time_s: 79.6340

Train scores saved to /home/user/scoring/scores_train.json

=== Train-Slice Evaluation Complete ===
=== Geolocation Test-Slice Evaluation ===
Evaluating predictions from: /home/user/results
Found prediction files: ['abl_cot', 'abl_geocot_full', 'abl_geocot_step1', 'abl_geocot_step2', 'abl_geocot_step3', 'abl_geocot_step4', 'cot_32B', 'geocot_32B']
Using test slice with 10 image basenames

Evaluating test: abl_cot
  10 in split, 10 valid, 10 with ground truth
  country_accuracy: 0.0000
  continent_accuracy: 0.6000
  street_1km: 0.0000
  city_25km: 0.0000
  country_750km: 0.3000
  median_error_km: 7915.7571
  avg_inference_time_s: 23.1600

Evaluating test: abl_geocot_full
  10 in split, 9 valid, 10 with ground truth
  country_accuracy: 0.1000
  continent_accuracy: 0.6000
  street_1km: 0.0000
  city_25km: 0.0000
  country_750km: 0.0000
  median_error_km: 4123.3049
  avg_inference_time_s: 47.8020

Evaluating test: abl_geocot_step1
  10 in split, 10 valid, 10 with ground truth
  country_accuracy: 0.3000
  continent_accuracy: 0.7000
  street_1km: 0.0000
  city_25km: 0.1000
  country_750km: 0.2000
  median_error_km: 3052.1270
  avg_inference_time_s: 17.7700

Evaluating test: abl_geocot_step2
  10 in split, 10 valid, 10 with ground truth
  country_accuracy: 0.2000
  continent_accuracy: 0.5000
  street_1km: 0.0000
  city_25km: 0.1000
  country_750km: 0.2000
  median_error_km: 6711.9965
  avg_inference_time_s: 21.2150

Evaluating test: abl_geocot_step3
  10 in split, 10 valid, 10 with ground truth
  country_accuracy: 0.2000
  continent_accuracy: 0.6000
  street_1km: 0.0000
  city_25km: 0.1000
  country_750km: 0.2000
  median_error_km: 3052.1270
  avg_inference_time_s: 23.4020

Evaluating test: abl_geocot_step4
  10 in split, 10 valid, 10 with ground truth
  country_accuracy: 0.1000
  continent_accuracy: 0.5000
  street_1km: 0.0000
  city_25km: 0.0000
  country_750km: 0.1000
  median_error_km: 3587.7955
  avg_inference_time_s: 48.8960

Evaluating test: cot_32B
  10 in split, 10 valid, 10 with ground truth
  country_accuracy: 0.1000
  continent_accuracy: 0.5000
  street_1km: 0.0000
  city_25km: 0.0000
  country_750km: 0.2000
  median_error_km: 5603.6959
  avg_inference_time_s: 48.8960

Evaluating test: geocot_32B
  10 in split, 10 valid, 10 with ground truth
  country_accuracy: 0.0000
  continent_accuracy: 0.5000
  street_1km: 0.0000
  city_25km: 0.0000
  country_750km: 0.1000
  median_error_km: 4686.2682
  avg_inference_time_s: 77.8870

Test scores saved to /home/user/scoring/scores_test.json

=== Test-Slice Evaluation Complete ===
==========================================
Train/test scoring complete - Thu Apr 23 14:36:04 EDT 2026
==========================================
