[hive] This stderr log is managed by Hive.
[hive] job_id: aff57adb
[hive] host: della-k16g3
[hive] node_id: c71096a1ca425a312901fed4904f626d2523e362fb41881e4d4b5392
[hive] user: nexus/tl0463 (remote)
[hive] resource: pli-2
[hive] gpus: 1
[hive] cpus: 1
[hive] workdir: /home/tl0463
[hive] timeout_sec: 3600
[hive] started_at: 2026-04-13 19:13:55 EDT
[hive] command: apptainer exec --nv --containall --cleanenv --env HF_HOME=/home/user/shared/hf_cache --env TRANSFORMERS_CACHE=/home/user/shared/hf_cache --env HF_DATASETS_CACHE=/home/user/shared/hf_cache/datasets --env TORCH_HOME=/home/user/shared/hf_cache/torch --bind /home/tl0463/scratch/AgentWorkspaces/workspaces/2502.13759:/home/user --overlay /home/tl0463/scratch/AgentWorkspaces/workspaces/2502.13759/environment/overlay.img:ro --bind /home/tl0463/scratch/AgentWorkspaces/shared/datasets:/home/user/shared/datasets:ro --bind /home/tl0463/scratch/AgentWorkspaces/shared/models:/home/user/shared/models:ro --bind /home/tl0463/scratch/AgentWorkspaces/shared/hf_cache:/home/user/shared/hf_cache /home/tl0463/scratch/AgentWorkspaces/workspaces/2502.13759/environment/container.sif bash -c 'cd /home/user && bash /home/user/scripts/run.sh'
Using Python 3.10.12 environment at: /usr
Checked 8 packages in 511ms
Traceback (most recent call last):
  File "<stdin>", line 25, in <module>
  File "/usr/local/lib/python3.10/dist-packages/qwen_vl_utils/__init__.py", line 1, in <module>
    from .vision_process import (
  File "/usr/local/lib/python3.10/dist-packages/qwen_vl_utils/vision_process.py", line 16, in <module>
    import torchvision
ModuleNotFoundError: No module named 'torchvision'
