[hive] This stderr log is managed by Hive.
[hive] job_id: 0751782e
[hive] host: della-k15g1
[hive] node_id: 1e8126e9459803735c1574567d16fa0f1c9ab9a485faaf52abd791c0
[hive] user: nexus/tl0463 (remote)
[hive] resource: pli-1
[hive] gpus: 1
[hive] cpus: 1
[hive] workdir: /home/tl0463
[hive] timeout_sec: 3600
[hive] started_at: 2026-04-14 21:00:56 EDT
[hive] command: apptainer exec --nv --containall --cleanenv --env HF_HOME=/home/user/shared/hf_cache --env TRANSFORMERS_CACHE=/home/user/shared/hf_cache --env HF_DATASETS_CACHE=/home/user/shared/hf_cache/datasets --env TORCH_HOME=/home/user/shared/hf_cache/torch --bind /home/tl0463/scratch/AgentWorkspaces/workspaces/2502.13759:/home/user --overlay /home/tl0463/scratch/AgentWorkspaces/workspaces/2502.13759/environment/overlay.img:ro --bind /home/tl0463/scratch/AgentWorkspaces/shared/datasets:/home/user/shared/datasets:ro --bind /home/tl0463/scratch/AgentWorkspaces/shared/models:/home/user/shared/models:ro --bind /home/tl0463/scratch/AgentWorkspaces/shared/hf_cache:/home/user/shared/hf_cache /home/tl0463/scratch/AgentWorkspaces/workspaces/2502.13759/environment/container.sif bash -c 'cd /home/user && bash /home/user/scripts/run.sh'
Using Python 3.10.12 environment at: /usr
Checked 10 packages in 328ms

Loading weights:   0%|          | 0/1161 [00:00<?, ?it/s]
Loading weights:   0%|          | 1/1161 [00:03<1:01:17,  3.17s/it]
Loading weights:   0%|          | 5/1161 [00:03<10:15,  1.88it/s]  
Loading weights:   1%|          | 6/1161 [00:03<09:03,  2.12it/s]
Loading weights:   1%|          | 12/1161 [00:03<03:15,  5.86it/s]
Loading weights:   1%|▏         | 16/1161 [00:04<02:30,  7.58it/s]
Loading weights:   2%|▏         | 18/1161 [00:04<03:04,  6.18it/s]
Loading weights:   2%|▏         | 24/1161 [00:04<01:45, 10.81it/s]
Loading weights:   2%|▏         | 28/1161 [00:05<01:37, 11.56it/s]
Loading weights:   3%|▎         | 31/1161 [00:05<02:04,  9.05it/s]
Loading weights:   3%|▎         | 35/1161 [00:05<01:34, 11.97it/s]
Loading weights:   3%|▎         | 40/1161 [00:05<01:21, 13.79it/s]
Loading weights:   4%|▎         | 43/1161 [00:06<01:47, 10.35it/s]
Loading weights:   4%|▍         | 48/1161 [00:06<01:17, 14.28it/s]
Loading weights:   4%|▍         | 52/1161 [00:06<01:16, 14.43it/s]
Loading weights:   5%|▍         | 55/1161 [00:07<01:43, 10.67it/s]
Loading weights:   5%|▌         | 59/1161 [00:07<01:20, 13.77it/s]
Loading weights:   5%|▌         | 63/1161 [00:08<01:40, 10.96it/s]
Loading weights:   6%|▌         | 66/1161 [00:08<01:39, 11.01it/s]
Loading weights:   6%|▌         | 70/1161 [00:08<01:17, 14.07it/s]
Loading weights:   7%|▋         | 76/1161 [00:08<01:06, 16.33it/s]
Loading weights:   7%|▋         | 79/1161 [00:09<01:32, 11.66it/s]
Loading weights:   7%|▋         | 82/1161 [00:09<01:19, 13.64it/s]
Loading weights:   8%|▊         | 88/1161 [00:09<01:05, 16.29it/s]
Loading weights:   8%|▊         | 91/1161 [00:10<01:33, 11.43it/s]
Loading weights:   8%|▊         | 96/1161 [00:10<01:08, 15.60it/s]
Loading weights:   9%|▊         | 100/1161 [00:10<01:29, 11.87it/s]
Loading weights:   9%|▉         | 103/1161 [00:11<01:29, 11.82it/s]
Loading weights:   9%|▉         | 108/1161 [00:11<01:05, 16.18it/s]
Loading weights:  10%|▉         | 112/1161 [00:11<01:26, 12.13it/s]
Loading weights:  10%|▉         | 115/1161 [00:11<01:28, 11.88it/s]
Loading weights:  10%|█         | 120/1161 [00:12<01:05, 15.91it/s]
Loading weights:  11%|█         | 124/1161 [00:12<01:50,  9.35it/s]
Loading weights:  11%|█         | 126/1161 [00:13<01:56,  8.90it/s]
Loading weights:  11%|█▏        | 132/1161 [00:13<01:15, 13.55it/s]
Loading weights:  12%|█▏        | 136/1161 [00:13<01:14, 13.71it/s]
Loading weights:  12%|█▏        | 139/1161 [00:14<01:38, 10.37it/s]
Loading weights:  12%|█▏        | 144/1161 [00:14<01:10, 14.43it/s]
Loading weights:  13%|█▎        | 148/1161 [00:14<01:29, 11.38it/s]
Loading weights:  13%|█▎        | 151/1161 [00:15<01:29, 11.23it/s]
Loading weights:  13%|█▎        | 156/1161 [00:15<01:04, 15.51it/s]
Loading weights:  14%|█▍        | 160/1161 [00:15<01:05, 15.34it/s]
Loading weights:  14%|█▍        | 163/1161 [00:15<01:29, 11.11it/s]
Loading weights:  14%|█▍        | 168/1161 [00:16<01:04, 15.30it/s]
Loading weights:  15%|█▍        | 172/1161 [00:16<01:05, 15.06it/s]
Loading weights:  15%|█▌        | 175/1161 [00:16<01:31, 10.76it/s]
Loading weights:  16%|█▌        | 180/1161 [00:16<01:05, 14.95it/s]
Loading weights:  16%|█▌        | 184/1161 [00:17<01:05, 14.98it/s]
Loading weights:  16%|█▌        | 187/1161 [00:17<01:29, 10.90it/s]
Loading weights:  16%|█▋        | 191/1161 [00:17<01:09, 13.98it/s]
Loading weights:  17%|█▋        | 196/1161 [00:18<01:02, 15.32it/s]
Loading weights:  17%|█▋        | 199/1161 [00:18<01:28, 10.84it/s]
Loading weights:  18%|█▊        | 204/1161 [00:18<01:04, 14.74it/s]
Loading weights:  18%|█▊        | 208/1161 [00:19<01:05, 14.56it/s]
Loading weights:  18%|█▊        | 211/1161 [00:19<01:28, 10.76it/s]
Loading weights:  19%|█▊        | 216/1161 [00:19<01:03, 14.92it/s]
Loading weights:  19%|█▉        | 220/1161 [00:20<01:20, 11.62it/s]
Loading weights:  19%|█▉        | 223/1161 [00:20<01:21, 11.47it/s]
Loading weights:  20%|█▉        | 227/1161 [00:20<01:04, 14.40it/s]
Loading weights:  20%|█▉        | 232/1161 [00:20<00:59, 15.66it/s]
Loading weights:  20%|██        | 235/1161 [00:21<01:22, 11.25it/s]
Loading weights:  21%|██        | 240/1161 [00:21<00:59, 15.49it/s]
Loading weights:  21%|██        | 244/1161 [00:21<01:00, 15.25it/s]
Loading weights:  21%|██▏       | 247/1161 [00:22<01:25, 10.75it/s]
Loading weights:  22%|██▏       | 250/1161 [00:22<01:11, 12.77it/s]
Loading weights:  22%|██▏       | 256/1161 [00:22<01:14, 12.11it/s]
Loading weights:  22%|██▏       | 258/1161 [00:23<01:21, 11.08it/s]
Loading weights:  23%|██▎       | 263/1161 [00:23<00:58, 15.46it/s]
Loading weights:  23%|██▎       | 268/1161 [00:23<01:12, 12.35it/s]
Loading weights:  23%|██▎       | 270/1161 [00:24<01:19, 11.22it/s]
Loading weights:  24%|██▍       | 276/1161 [00:24<00:52, 16.84it/s]
Loading weights:  24%|██▍       | 280/1161 [00:24<00:54, 16.30it/s]
Loading weights:  24%|██▍       | 283/1161 [00:24<01:16, 11.42it/s]
Loading weights:  25%|██▍       | 288/1161 [00:25<00:55, 15.65it/s]
Loading weights:  25%|██▌       | 292/1161 [00:25<01:14, 11.66it/s]
Loading weights:  25%|██▌       | 295/1161 [00:25<01:14, 11.68it/s]
Loading weights:  26%|██▌       | 299/1161 [00:26<00:57, 14.89it/s]
Loading weights:  26%|██▌       | 304/1161 [00:26<01:09, 12.37it/s]
Loading weights:  26%|██▋       | 306/1161 [00:26<01:16, 11.22it/s]
Loading weights:  27%|██▋       | 312/1161 [00:26<00:50, 16.66it/s]
Loading weights:  27%|██▋       | 316/1161 [00:27<00:53, 15.78it/s]
Loading weights:  27%|██▋       | 319/1161 [00:27<01:17, 10.87it/s]
Loading weights:  28%|██▊       | 324/1161 [00:27<00:56, 14.95it/s]
Loading weights:  28%|██▊       | 328/1161 [00:28<00:56, 14.73it/s]
Loading weights:  29%|██▊       | 331/1161 [00:28<01:18, 10.54it/s]
Loading weights:  29%|██▉       | 336/1161 [00:28<00:57, 14.46it/s]
Loading weights:  29%|██▉       | 340/1161 [00:29<01:31,  8.97it/s]
Loading weights:  30%|██▉       | 348/1161 [00:29<00:54, 14.92it/s]
Loading weights:  30%|███       | 352/1161 [00:30<00:54, 14.73it/s]
Loading weights:  31%|███       | 355/1161 [00:30<01:15, 10.71it/s]
Loading weights:  31%|███       | 358/1161 [00:30<01:05, 12.35it/s]
Loading weights:  31%|███▏      | 364/1161 [00:31<00:53, 14.82it/s]
Loading weights:  32%|███▏      | 367/1161 [00:31<01:13, 10.82it/s]
Loading weights:  32%|███▏      | 372/1161 [00:31<00:54, 14.48it/s]
Loading weights:  32%|███▏      | 376/1161 [00:32<00:55, 14.16it/s]
Loading weights:  33%|███▎      | 379/1161 [00:32<01:15, 10.36it/s]
Loading weights:  33%|███▎      | 383/1161 [00:32<00:58, 13.24it/s]
Loading weights:  33%|███▎      | 388/1161 [00:32<00:53, 14.55it/s]
Loading weights:  34%|███▎      | 391/1161 [00:33<01:13, 10.43it/s]
Loading weights:  34%|███▍      | 396/1161 [00:33<00:54, 14.12it/s]
Loading weights:  34%|███▍      | 400/1161 [00:33<00:53, 14.24it/s]
Loading weights:  35%|███▍      | 403/1161 [00:34<01:14, 10.13it/s]
Loading weights:  35%|███▌      | 407/1161 [00:34<00:58, 12.98it/s]
Loading weights:  35%|███▌      | 411/1161 [00:34<00:56, 13.22it/s]
Loading weights:  36%|███▌      | 413/1161 [00:35<01:06, 11.21it/s]
Loading weights:  36%|███▌      | 415/1161 [00:35<01:13, 10.16it/s]
Loading weights:  36%|███▌      | 418/1161 [00:35<00:59, 12.57it/s]
Loading weights:  37%|███▋      | 424/1161 [00:36<01:29,  8.26it/s]
Loading weights:  37%|███▋      | 432/1161 [00:36<00:51, 14.13it/s]
Loading weights:  38%|███▊      | 436/1161 [00:36<00:51, 14.14it/s]
Loading weights:  38%|███▊      | 439/1161 [00:37<01:10, 10.23it/s]
Loading weights:  38%|███▊      | 444/1161 [00:37<00:51, 13.82it/s]
Loading weights:  39%|███▊      | 448/1161 [00:38<01:06, 10.69it/s]
Loading weights:  39%|███▉      | 451/1161 [00:38<01:05, 10.76it/s]
Loading weights:  39%|███▉      | 456/1161 [00:38<00:48, 14.43it/s]
Loading weights:  40%|███▉      | 460/1161 [00:38<00:49, 14.24it/s]
Loading weights:  40%|███▉      | 463/1161 [00:39<01:06, 10.43it/s]
Loading weights:  40%|████      | 468/1161 [00:39<00:48, 14.38it/s]
Loading weights:  41%|████      | 472/1161 [00:39<00:48, 14.34it/s]
Loading weights:  41%|████      | 475/1161 [00:40<01:07, 10.19it/s]
Loading weights:  41%|████▏     | 479/1161 [00:40<00:51, 13.13it/s]
Loading weights:  42%|████▏     | 484/1161 [00:40<00:46, 14.50it/s]
Loading weights:  42%|████▏     | 487/1161 [00:41<01:04, 10.53it/s]
Loading weights:  42%|████▏     | 492/1161 [00:41<00:46, 14.50it/s]
Loading weights:  43%|████▎     | 496/1161 [00:41<00:47, 14.03it/s]
Loading weights:  43%|████▎     | 499/1161 [00:42<01:04, 10.26it/s]
Loading weights:  43%|████▎     | 503/1161 [00:42<00:50, 13.12it/s]
Loading weights:  44%|████▎     | 507/1161 [00:42<00:49, 13.27it/s]
Loading weights:  44%|████▍     | 509/1161 [00:43<00:56, 11.57it/s]
Loading weights:  44%|████▍     | 511/1161 [00:43<01:03, 10.25it/s]
Loading weights:  44%|████▍     | 514/1161 [00:43<00:51, 12.63it/s]
Loading weights:  45%|████▍     | 520/1161 [00:43<00:42, 15.14it/s]
Loading weights:  45%|████▍     | 522/1161 [00:44<01:06,  9.68it/s]
Loading weights:  45%|████▌     | 528/1161 [00:44<00:41, 15.11it/s]
Loading weights:  46%|████▌     | 532/1161 [00:44<00:42, 14.82it/s]
Loading weights:  46%|████▌     | 535/1161 [00:45<01:00, 10.32it/s]
Loading weights:  46%|████▋     | 538/1161 [00:45<00:50, 12.25it/s]
Loading weights:  47%|████▋     | 544/1161 [00:45<00:41, 14.95it/s]
Loading weights:  47%|████▋     | 547/1161 [00:46<00:57, 10.70it/s]
Loading weights:  48%|████▊     | 552/1161 [00:46<00:41, 14.56it/s]
Loading weights:  48%|████▊     | 556/1161 [00:46<00:54, 11.05it/s]
Loading weights:  48%|████▊     | 558/1161 [00:47<00:59, 10.18it/s]
Loading weights:  48%|████▊     | 562/1161 [00:47<00:45, 13.31it/s]
Loading weights:  49%|████▉     | 568/1161 [00:47<00:37, 15.76it/s]
Loading weights:  49%|████▉     | 571/1161 [00:48<01:01,  9.54it/s]
Loading weights:  50%|████▉     | 575/1161 [00:48<00:47, 12.26it/s]
Loading weights:  50%|████▉     | 580/1161 [00:48<00:42, 13.80it/s]
Loading weights:  50%|█████     | 583/1161 [00:49<00:57, 10.13it/s]
Loading weights:  51%|█████     | 588/1161 [00:49<00:41, 13.97it/s]
Loading weights:  51%|█████     | 592/1161 [00:49<00:53, 10.69it/s]
Loading weights:  51%|█████     | 594/1161 [00:50<00:57,  9.93it/s]
Loading weights:  52%|█████▏    | 599/1161 [00:50<00:40, 13.96it/s]
Loading weights:  52%|█████▏    | 603/1161 [00:50<00:39, 14.03it/s]
Loading weights:  52%|█████▏    | 606/1161 [00:51<00:55, 10.01it/s]
Loading weights:  53%|█████▎    | 611/1161 [00:51<00:39, 13.96it/s]
Loading weights:  53%|█████▎    | 616/1161 [00:51<00:37, 14.68it/s]
Loading weights:  53%|█████▎    | 619/1161 [00:52<00:50, 10.66it/s]
Loading weights:  54%|█████▎    | 624/1161 [00:52<00:36, 14.61it/s]
Loading weights:  54%|█████▍    | 628/1161 [00:52<00:36, 14.47it/s]
Loading weights:  54%|█████▍    | 631/1161 [00:53<00:51, 10.27it/s]
Loading weights:  55%|█████▍    | 636/1161 [00:53<00:37, 14.15it/s]
Loading weights:  55%|█████▌    | 640/1161 [00:53<00:48, 10.82it/s]
Loading weights:  55%|█████▌    | 642/1161 [00:54<00:51, 10.03it/s]
Loading weights:  56%|█████▌    | 647/1161 [00:54<00:36, 14.22it/s]
Loading weights:  56%|█████▌    | 651/1161 [00:54<00:35, 14.24it/s]
Loading weights:  56%|█████▋    | 654/1161 [00:55<00:50, 10.11it/s]
Loading weights:  57%|█████▋    | 658/1161 [00:55<00:38, 12.92it/s]
Loading weights:  57%|█████▋    | 664/1161 [00:55<00:32, 15.32it/s]
Loading weights:  57%|█████▋    | 667/1161 [00:55<00:45, 10.83it/s]
Loading weights:  58%|█████▊    | 672/1161 [00:56<00:33, 14.72it/s]
Loading weights:  58%|█████▊    | 676/1161 [00:56<00:33, 14.41it/s]
Loading weights:  58%|█████▊    | 679/1161 [00:56<00:47, 10.11it/s]
Loading weights:  59%|█████▉    | 683/1161 [00:57<00:36, 12.97it/s]
Loading weights:  59%|█████▉    | 688/1161 [00:57<00:33, 14.32it/s]
Loading weights:  60%|█████▉    | 691/1161 [00:57<00:45, 10.24it/s]
Loading weights:  60%|█████▉    | 695/1161 [00:58<00:36, 12.77it/s]
Loading weights:  60%|██████    | 699/1161 [00:58<00:45, 10.22it/s]
Loading weights:  60%|██████    | 702/1161 [00:58<00:44, 10.36it/s]
Loading weights:  61%|██████    | 708/1161 [00:59<00:29, 15.49it/s]
Loading weights:  61%|██████▏   | 712/1161 [00:59<00:32, 13.85it/s]
Loading weights:  62%|██████▏   | 715/1161 [01:00<00:53,  8.40it/s]
Loading weights:  62%|██████▏   | 720/1161 [01:00<00:38, 11.35it/s]
Loading weights:  62%|██████▏   | 724/1161 [01:00<00:40, 10.85it/s]
Loading weights:  63%|██████▎   | 726/1161 [01:01<01:02,  6.98it/s]
Loading weights:  63%|██████▎   | 730/1161 [01:01<00:47,  9.16it/s]
Loading weights:  63%|██████▎   | 736/1161 [01:06<02:55,  2.42it/s]
Loading weights:  64%|██████▎   | 738/1161 [01:07<02:44,  2.57it/s]
Loading weights:  64%|██████▍   | 743/1161 [01:07<01:45,  3.95it/s]
Loading weights:  64%|██████▍   | 748/1161 [01:07<01:18,  5.28it/s]
Loading weights:  65%|██████▍   | 750/1161 [01:08<01:26,  4.74it/s]
Loading weights:  65%|██████▌   | 755/1161 [01:08<00:58,  6.99it/s]
Loading weights:  65%|██████▌   | 760/1161 [01:09<00:58,  6.84it/s]
Loading weights:  66%|██████▌   | 762/1161 [01:09<00:58,  6.76it/s]
Loading weights:  66%|██████▌   | 766/1161 [01:09<00:44,  8.88it/s]
Loading weights:  66%|██████▋   | 772/1161 [01:09<00:29, 13.31it/s]
Loading weights:  68%|██████▊   | 787/1161 [01:10<00:13, 28.37it/s]
Loading weights:  70%|██████▉   | 809/1161 [01:10<00:06, 54.02it/s]
Loading weights:  71%|███████   | 823/1161 [01:10<00:05, 65.85it/s]
Loading weights:  73%|███████▎  | 845/1161 [01:10<00:03, 94.11it/s]
Loading weights:  75%|███████▍  | 865/1161 [01:10<00:02, 111.10it/s]
Loading weights:  77%|███████▋  | 889/1161 [01:10<00:02, 132.53it/s]
Loading weights:  78%|███████▊  | 911/1161 [01:10<00:01, 150.63it/s]
Loading weights:  81%|████████  | 935/1161 [01:10<00:01, 160.52it/s]
Loading weights:  82%|████████▏ | 955/1161 [01:10<00:01, 164.25it/s]
Loading weights:  84%|████████▍ | 979/1161 [01:11<00:01, 177.85it/s]
Loading weights:  86%|████████▋ | 1003/1161 [01:11<00:00, 178.25it/s]
Loading weights:  88%|████████▊ | 1027/1161 [01:11<00:00, 177.88it/s]
Loading weights:  91%|█████████ | 1053/1161 [01:11<00:00, 192.01it/s]
Loading weights:  93%|█████████▎| 1079/1161 [01:11<00:00, 200.30it/s]
Loading weights:  95%|█████████▌| 1103/1161 [01:11<00:00, 205.24it/s]
Loading weights:  97%|█████████▋| 1125/1161 [01:11<00:00, 204.31it/s]
Loading weights:  99%|█████████▉| 1151/1161 [01:11<00:00, 214.48it/s]
Loading weights: 100%|██████████| 1161/1161 [01:12<00:00, 16.12it/s] 
The following generation flags are not valid and may be ignored: ['temperature']. Set `TRANSFORMERS_VERBOSITY=info` for more details.
