[hive] This stderr log is managed by Hive.
[hive] job_id: 9c546851
[hive] host: della-k16g3
[hive] node_id: 8222970c08d60cb19702b974d1224316fcdfea8bbb729b0b51c3711b
[hive] user: nexus/tl0463 (remote)
[hive] resource: pli
[hive] gpus: 1
[hive] cpus: 1
[hive] workdir: /home/tl0463
[hive] timeout_sec: 3600
[hive] started_at: 2026-04-14 22:06:47 EDT
[hive] command: apptainer exec --nv --containall --cleanenv --env HF_HOME=/home/user/shared/hf_cache --env TRANSFORMERS_CACHE=/home/user/shared/hf_cache --env HF_DATASETS_CACHE=/home/user/shared/hf_cache/datasets --env TORCH_HOME=/home/user/shared/hf_cache/torch --bind /home/tl0463/scratch/AgentWorkspaces/workspaces/2502.13759:/home/user --overlay /home/tl0463/scratch/AgentWorkspaces/workspaces/2502.13759/environment/overlay.img:ro --bind /home/tl0463/scratch/AgentWorkspaces/shared/datasets:/home/user/shared/datasets:ro --bind /home/tl0463/scratch/AgentWorkspaces/shared/models:/home/user/shared/models:ro --bind /home/tl0463/scratch/AgentWorkspaces/shared/hf_cache:/home/user/shared/hf_cache /home/tl0463/scratch/AgentWorkspaces/workspaces/2502.13759/environment/container.sif bash -c 'cd /home/user && bash /home/user/scripts/run.sh'
Using Python 3.10.12 environment at: /usr
Checked 10 packages in 488ms

Loading weights:   0%|          | 0/1161 [00:00<?, ?it/s]
Loading weights:   0%|          | 1/1161 [00:01<31:03,  1.61s/it]
Loading weights:   0%|          | 2/1161 [00:02<18:47,  1.03it/s]
Loading weights:   1%|          | 6/1161 [00:02<05:19,  3.62it/s]
Loading weights:   1%|          | 10/1161 [00:02<02:47,  6.85it/s]
Loading weights:   1%|▏         | 16/1161 [00:02<01:47, 10.68it/s]
Loading weights:   2%|▏         | 18/1161 [00:03<02:29,  7.66it/s]
Loading weights:   2%|▏         | 24/1161 [00:03<01:29, 12.68it/s]
Loading weights:   2%|▏         | 28/1161 [00:04<01:50, 10.23it/s]
Loading weights:   3%|▎         | 31/1161 [00:04<01:47, 10.47it/s]
Loading weights:   3%|▎         | 36/1161 [00:04<01:17, 14.53it/s]
Loading weights:   3%|▎         | 40/1161 [00:04<01:17, 14.46it/s]
Loading weights:   4%|▎         | 43/1161 [00:05<01:46, 10.54it/s]
Loading weights:   4%|▍         | 48/1161 [00:05<01:15, 14.77it/s]
Loading weights:   4%|▍         | 52/1161 [00:05<01:14, 14.84it/s]
Loading weights:   5%|▍         | 55/1161 [00:06<01:42, 10.82it/s]
Loading weights:   5%|▌         | 60/1161 [00:06<01:13, 15.06it/s]
Loading weights:   5%|▌         | 63/1161 [00:06<01:40, 10.88it/s]
Loading weights:   6%|▌         | 66/1161 [00:06<01:38, 11.09it/s]
Loading weights:   6%|▌         | 71/1161 [00:07<01:10, 15.41it/s]
Loading weights:   7%|▋         | 76/1161 [00:07<01:25, 12.68it/s]
Loading weights:   7%|▋         | 79/1161 [00:07<01:26, 12.45it/s]
Loading weights:   7%|▋         | 84/1161 [00:07<01:03, 16.87it/s]
Loading weights:   7%|▋         | 87/1161 [00:08<01:53,  9.43it/s]
Loading weights:   8%|▊         | 94/1161 [00:08<01:11, 14.88it/s]
Loading weights:   9%|▊         | 99/1161 [00:09<01:08, 15.43it/s]
Loading weights:   9%|▉         | 102/1161 [00:09<01:37, 10.86it/s]
Loading weights:   9%|▉         | 108/1161 [00:09<01:07, 15.60it/s]
Loading weights:  10%|▉         | 112/1161 [00:10<01:44, 10.07it/s]
Loading weights:  10%|█         | 120/1161 [00:10<01:05, 15.98it/s]
Loading weights:  11%|█         | 124/1161 [00:11<01:06, 15.62it/s]
Loading weights:  11%|█         | 128/1161 [00:11<01:25, 12.13it/s]
Loading weights:  11%|█▏        | 132/1161 [00:11<01:09, 14.83it/s]
Loading weights:  12%|█▏        | 136/1161 [00:11<01:08, 14.91it/s]
Loading weights:  12%|█▏        | 139/1161 [00:12<01:32, 11.03it/s]
Loading weights:  12%|█▏        | 144/1161 [00:12<01:07, 15.11it/s]
Loading weights:  13%|█▎        | 147/1161 [00:12<01:12, 13.97it/s]
Loading weights:  13%|█▎        | 150/1161 [00:13<01:55,  8.72it/s]
Loading weights:  13%|█▎        | 156/1161 [00:13<01:16, 13.20it/s]
Loading weights:  14%|█▍        | 160/1161 [00:13<01:10, 14.21it/s]
Loading weights:  14%|█▍        | 163/1161 [00:14<01:33, 10.66it/s]
Loading weights:  14%|█▍        | 168/1161 [00:14<01:08, 14.39it/s]
Loading weights:  15%|█▍        | 172/1161 [00:14<01:09, 14.33it/s]
Loading weights:  15%|█▌        | 175/1161 [00:15<01:32, 10.71it/s]
Loading weights:  15%|█▌        | 179/1161 [00:15<01:11, 13.72it/s]
Loading weights:  16%|█▌        | 184/1161 [00:16<01:37, 10.03it/s]
Loading weights:  16%|█▌        | 186/1161 [00:16<01:41,  9.58it/s]
Loading weights:  16%|█▋        | 190/1161 [00:16<01:17, 12.46it/s]
Loading weights:  17%|█▋        | 196/1161 [00:16<01:03, 15.30it/s]
Loading weights:  17%|█▋        | 199/1161 [00:17<01:30, 10.65it/s]
Loading weights:  18%|█▊        | 205/1161 [00:17<01:29, 10.68it/s]
Loading weights:  18%|█▊        | 210/1161 [00:18<01:18, 12.17it/s]
Loading weights:  18%|█▊        | 214/1161 [00:18<01:37,  9.69it/s]
Loading weights:  19%|█▉        | 222/1161 [00:19<01:08, 13.80it/s]
Loading weights:  19%|█▉        | 226/1161 [00:19<01:12, 12.87it/s]
Loading weights:  20%|██        | 233/1161 [00:19<00:57, 16.05it/s]
Loading weights:  20%|██        | 235/1161 [00:20<01:05, 14.06it/s]
Loading weights:  21%|██        | 240/1161 [00:20<00:50, 18.06it/s]
Loading weights:  21%|██        | 243/1161 [00:20<00:57, 15.88it/s]
Loading weights:  21%|██        | 246/1161 [00:20<01:20, 11.34it/s]
Loading weights:  22%|██▏       | 252/1161 [00:21<00:54, 16.63it/s]
Loading weights:  22%|██▏       | 256/1161 [00:21<00:56, 16.08it/s]
Loading weights:  22%|██▏       | 259/1161 [00:21<01:18, 11.46it/s]
Loading weights:  23%|██▎       | 264/1161 [00:21<00:57, 15.57it/s]
Loading weights:  23%|██▎       | 268/1161 [00:22<00:58, 15.29it/s]
Loading weights:  23%|██▎       | 271/1161 [00:22<01:21, 10.98it/s]
Loading weights:  24%|██▍       | 278/1161 [00:22<00:50, 17.35it/s]
Loading weights:  24%|██▍       | 282/1161 [00:24<02:07,  6.89it/s]
Loading weights:  25%|██▌       | 293/1161 [00:24<01:12, 12.05it/s]
Loading weights:  25%|██▌       | 296/1161 [00:24<01:12, 11.97it/s]
Loading weights:  26%|██▌       | 300/1161 [00:25<01:00, 14.16it/s]
Loading weights:  26%|██▌       | 304/1161 [00:25<00:59, 14.37it/s]
Loading weights:  26%|██▋       | 307/1161 [00:25<01:20, 10.56it/s]
Loading weights:  27%|██▋       | 310/1161 [00:26<01:30,  9.44it/s]
Loading weights:  27%|██▋       | 313/1161 [00:26<01:26,  9.81it/s]
Loading weights:  27%|██▋       | 318/1161 [00:26<01:09, 12.09it/s]
Loading weights:  28%|██▊       | 324/1161 [00:27<01:15, 11.07it/s]
Loading weights:  28%|██▊       | 330/1161 [00:27<01:02, 13.39it/s]
Loading weights:  29%|██▉       | 336/1161 [00:27<00:45, 17.98it/s]
Loading weights:  29%|██▉       | 339/1161 [00:28<01:20, 10.26it/s]
Loading weights:  30%|██▉       | 348/1161 [00:28<00:47, 17.14it/s]
Loading weights:  30%|███       | 353/1161 [00:29<00:57, 14.12it/s]
Loading weights:  31%|███       | 357/1161 [00:29<00:56, 14.31it/s]
Loading weights:  31%|███       | 362/1161 [00:29<00:44, 17.97it/s]
Loading weights:  32%|███▏      | 366/1161 [00:30<01:12, 11.02it/s]
Loading weights:  32%|███▏      | 372/1161 [00:30<00:51, 15.25it/s]
Loading weights:  32%|███▏      | 376/1161 [00:30<00:49, 16.02it/s]
Loading weights:  33%|███▎      | 379/1161 [00:31<01:06, 11.67it/s]
Loading weights:  33%|███▎      | 383/1161 [00:31<00:53, 14.60it/s]
Loading weights:  33%|███▎      | 388/1161 [00:31<00:49, 15.77it/s]
Loading weights:  34%|███▎      | 391/1161 [00:32<01:07, 11.40it/s]
Loading weights:  34%|███▍      | 394/1161 [00:32<01:27,  8.78it/s]
Loading weights:  34%|███▍      | 396/1161 [00:33<01:40,  7.60it/s]
Loading weights:  35%|███▌      | 412/1161 [00:33<00:40, 18.46it/s]
Loading weights:  36%|███▌      | 415/1161 [00:33<00:53, 13.88it/s]
Loading weights:  36%|███▌      | 420/1161 [00:34<00:43, 17.17it/s]
Loading weights:  36%|███▋      | 423/1161 [00:34<01:07, 10.86it/s]
Loading weights:  37%|███▋      | 426/1161 [00:35<01:13, 10.07it/s]
Loading weights:  37%|███▋      | 432/1161 [00:35<00:50, 14.54it/s]
Loading weights:  37%|███▋      | 435/1161 [00:36<01:22,  8.77it/s]
Loading weights:  39%|███▊      | 448/1161 [00:36<00:53, 13.38it/s]
Loading weights:  39%|███▉      | 451/1161 [00:37<01:03, 11.11it/s]
Loading weights:  39%|███▉      | 454/1161 [00:39<02:12,  5.33it/s]
Loading weights:  41%|████▏     | 481/1161 [00:39<00:44, 15.27it/s]
Loading weights:  42%|████▏     | 485/1161 [00:39<00:44, 15.34it/s]
Loading weights:  42%|████▏     | 488/1161 [00:39<00:46, 14.56it/s]
Loading weights:  43%|████▎     | 494/1161 [00:41<01:04, 10.29it/s]
Loading weights:  43%|████▎     | 504/1161 [00:41<00:42, 15.51it/s]
Loading weights:  44%|████▍     | 508/1161 [00:41<00:42, 15.28it/s]
Loading weights:  44%|████▍     | 512/1161 [00:41<00:51, 12.63it/s]
Loading weights:  44%|████▍     | 516/1161 [00:42<00:43, 14.92it/s]
Loading weights:  45%|████▍     | 519/1161 [00:42<00:46, 13.87it/s]
Loading weights:  45%|████▍     | 522/1161 [00:42<01:03, 10.05it/s]
Loading weights:  46%|████▌     | 532/1161 [00:43<00:40, 15.42it/s]
Loading weights:  46%|████▌     | 535/1161 [00:43<00:52, 11.86it/s]
Loading weights:  47%|████▋     | 540/1161 [00:43<00:40, 15.29it/s]
Loading weights:  47%|████▋     | 544/1161 [00:44<00:40, 15.08it/s]
Loading weights:  47%|████▋     | 547/1161 [00:44<00:57, 10.69it/s]
Loading weights:  48%|████▊     | 556/1161 [00:45<00:40, 15.06it/s]
Loading weights:  48%|████▊     | 559/1161 [00:45<00:55, 10.83it/s]
Loading weights:  49%|████▉     | 568/1161 [00:45<00:38, 15.50it/s]
Loading weights:  49%|████▉     | 571/1161 [00:46<00:49, 11.91it/s]
Loading weights:  50%|████▉     | 575/1161 [00:46<00:49, 11.95it/s]
Loading weights:  50%|████▉     | 577/1161 [00:47<01:10,  8.26it/s]
Loading weights:  51%|█████     | 592/1161 [00:47<00:32, 17.24it/s]
Loading weights:  51%|█████     | 595/1161 [00:48<00:43, 13.01it/s]
Loading weights:  52%|█████▏    | 599/1161 [00:48<00:37, 15.09it/s]
Loading weights:  52%|█████▏    | 604/1161 [00:48<00:34, 16.06it/s]
Loading weights:  52%|█████▏    | 607/1161 [00:49<00:48, 11.47it/s]
Loading weights:  53%|█████▎    | 616/1161 [00:49<00:34, 15.83it/s]
Loading weights:  53%|█████▎    | 619/1161 [00:50<00:45, 11.88it/s]
Loading weights:  54%|█████▎    | 623/1161 [00:50<00:37, 14.32it/s]
Loading weights:  54%|█████▍    | 628/1161 [00:50<00:43, 12.19it/s]
Loading weights:  54%|█████▍    | 630/1161 [00:51<00:47, 11.23it/s]
Loading weights:  55%|█████▍    | 635/1161 [00:51<00:35, 15.02it/s]
Loading weights:  55%|█████▌    | 640/1161 [00:51<00:32, 16.12it/s]
Loading weights:  55%|█████▌    | 643/1161 [00:51<00:45, 11.39it/s]
Loading weights:  56%|█████▌    | 647/1161 [00:52<00:35, 14.29it/s]
Loading weights:  56%|█████▌    | 650/1161 [00:52<01:02,  8.14it/s]
Loading weights:  57%|█████▋    | 664/1161 [00:53<00:30, 16.31it/s]
Loading weights:  57%|█████▋    | 667/1161 [00:53<00:38, 12.70it/s]
Loading weights:  58%|█████▊    | 672/1161 [00:53<00:30, 15.89it/s]
Loading weights:  58%|█████▊    | 676/1161 [00:54<00:39, 12.19it/s]
Loading weights:  58%|█████▊    | 679/1161 [00:55<00:52,  9.18it/s]
Loading weights:  59%|█████▉    | 683/1161 [00:55<00:49,  9.56it/s]
Loading weights:  59%|█████▉    | 689/1161 [00:55<00:38, 12.31it/s]
Loading weights:  60%|█████▉    | 691/1161 [00:55<00:41, 11.34it/s]
Loading weights:  60%|█████▉    | 696/1161 [00:56<00:30, 15.39it/s]
Loading weights:  60%|██████    | 700/1161 [00:56<00:30, 15.24it/s]
Loading weights:  61%|██████    | 703/1161 [00:56<00:41, 11.10it/s]
Loading weights:  61%|██████    | 706/1161 [00:56<00:34, 13.14it/s]
Loading weights:  61%|██████▏   | 712/1161 [00:57<00:28, 15.89it/s]
Loading weights:  62%|██████▏   | 715/1161 [00:57<00:39, 11.38it/s]
Loading weights:  62%|██████▏   | 718/1161 [00:57<00:33, 13.36it/s]
Loading weights:  62%|██████▏   | 724/1161 [00:58<00:28, 15.60it/s]
Loading weights:  63%|██████▎   | 727/1161 [00:59<01:02,  6.95it/s]
Loading weights:  63%|██████▎   | 730/1161 [00:59<00:50,  8.49it/s]
Loading weights:  63%|██████▎   | 735/1161 [00:59<00:40, 10.62it/s]
Loading weights:  63%|██████▎   | 737/1161 [01:00<00:42, 10.01it/s]
Loading weights:  64%|██████▎   | 739/1161 [01:00<00:45,  9.24it/s]
Loading weights:  64%|██████▍   | 743/1161 [01:00<00:33, 12.48it/s]
Loading weights:  64%|██████▍   | 748/1161 [01:02<01:12,  5.68it/s]
Loading weights:  65%|██████▌   | 760/1161 [01:02<00:36, 11.03it/s]
Loading weights:  66%|██████▌   | 763/1161 [01:02<00:41,  9.58it/s]
Loading weights:  66%|██████▌   | 767/1161 [01:03<00:33, 11.71it/s]
Loading weights:  67%|██████▋   | 775/1161 [01:03<00:25, 15.34it/s]
Loading weights:  68%|██████▊   | 791/1161 [01:03<00:12, 29.52it/s]
Loading weights:  70%|██████▉   | 809/1161 [01:03<00:07, 44.88it/s]
Loading weights:  70%|███████   | 817/1161 [01:03<00:08, 41.51it/s]
Loading weights:  71%|███████▏  | 829/1161 [01:04<00:07, 45.64it/s]
Loading weights:  73%|███████▎  | 851/1161 [01:04<00:05, 61.25it/s]
Loading weights:  75%|███████▌  | 871/1161 [01:04<00:04, 65.64it/s]
Loading weights:  76%|███████▌  | 883/1161 [01:04<00:03, 73.33it/s]
Loading weights:  78%|███████▊  | 905/1161 [01:04<00:02, 87.69it/s]
Loading weights:  79%|███████▉  | 915/1161 [01:05<00:03, 71.22it/s]
Loading weights:  80%|████████  | 931/1161 [01:05<00:02, 85.04it/s]
Loading weights:  83%|████████▎ | 959/1161 [01:05<00:01, 115.69it/s]
Loading weights:  84%|████████▍ | 973/1161 [01:05<00:02, 85.75it/s] 
Loading weights:  85%|████████▌ | 991/1161 [01:05<00:02, 68.09it/s]
Loading weights:  86%|████████▋ | 1003/1161 [01:06<00:02, 63.58it/s]
Loading weights:  88%|████████▊ | 1021/1161 [01:06<00:01, 78.47it/s]
Loading weights:  89%|████████▉ | 1032/1161 [01:06<00:01, 81.71it/s]
Loading weights:  91%|█████████ | 1051/1161 [01:06<00:01, 62.92it/s]
Loading weights:  93%|█████████▎| 1077/1161 [01:06<00:00, 90.85it/s]
Loading weights:  94%|█████████▍| 1091/1161 [01:07<00:00, 95.47it/s]
Loading weights:  96%|█████████▌| 1113/1161 [01:07<00:00, 82.28it/s]
Loading weights:  98%|█████████▊| 1141/1161 [01:07<00:00, 113.15it/s]
Loading weights: 100%|█████████▉| 1157/1161 [01:07<00:00, 112.18it/s]
Loading weights: 100%|██████████| 1161/1161 [01:07<00:00, 17.15it/s] 
The following generation flags are not valid and may be ignored: ['temperature']. Set `TRANSFORMERS_VERBOSITY=info` for more details.
